To honour the JVM settings for this build a single-use Daemon process will be forked. See https://docs.gradle.org/8.0.1/userguide/gradle_daemon.html#sec:disabling_the_daemon.
Daemon will be stopped at the end of the build 
> Task :expo-updates-gradle-plugin:pluginDescriptors UP-TO-DATE
> Task :expo-updates-gradle-plugin:processResources UP-TO-DATE
> Task :gradle-plugin:compileKotlin UP-TO-DATE
> Task :gradle-plugin:compileJava NO-SOURCE
> Task :gradle-plugin:pluginDescriptors UP-TO-DATE
> Task :gradle-plugin:processResources UP-TO-DATE
> Task :gradle-plugin:classes UP-TO-DATE
> Task :gradle-plugin:jar UP-TO-DATE
> Task :gradle-plugin:inspectClassesForKotlinIC UP-TO-DATE
> Task :expo-updates-gradle-plugin:compileKotlin UP-TO-DATE
> Task :expo-updates-gradle-plugin:compileJava NO-SOURCE
> Task :expo-updates-gradle-plugin:classes UP-TO-DATE
> Task :expo-updates-gradle-plugin:jar UP-TO-DATE
> Task :expo-updates-gradle-plugin:inspectClassesForKotlinIC UP-TO-DATE

> Configure project :app
 ??  [33mApplying gradle plugin[0m '[32mexpo-updates-gradle-plugin[0m' (expo-updates@0.18.19)

> Configure project :expo

Using expo modules
  - [32mexpo-application[0m (5.3.1)
  - [32mexpo-constants[0m (14.4.2)
  - [32mexpo-eas-client[0m (0.6.0)
  - [32mexpo-file-system[0m (15.4.5)
  - [32mexpo-font[0m (11.4.0)
  - [32mexpo-haptics[0m (12.4.0)
  - [32mexpo-json-utils[0m (0.7.1)
  - [32mexpo-keep-awake[0m (12.3.0)
  - [32mexpo-manifests[0m (0.7.2)
  - [32mexpo-modules-core[0m (1.5.13)
  - [32mexpo-modules-core$android-annotation[0m (1.5.13)
  - [32mexpo-modules-core$android-annotation-processor[0m (1.5.13)
  - [32mexpo-notifications[0m (0.20.1)
  - [32mexpo-splash-screen[0m (0.20.5)
  - [32mexpo-structured-headers[0m (3.3.0)
  - [32mexpo-updates[0m (0.18.19)


The Kotlin Gradle plugin was loaded multiple times in different subprojects, which is not supported and may break the build. 
This might happen in subprojects that apply the Kotlin plugins with the Gradle 'plugins { ... }' DSL if they specify explicit versions, even if the versions are equal.
Please add the Kotlin plugin to the common parent project or the root project, then remove the versions in the subprojects.
If the parent project does not need the plugin, add 'apply false' to the plugin line.
See: https://docs.gradle.org/current/userguide/plugins.html#sec:subprojects_plugins_dsl
The Kotlin plugin was loaded in the following projects: ':expo', ':expo-modules-core', ':react-native-gesture-handler'

> Task :app:clean
> Task :expo:clean
> Task :expo-application:clean
> Task :expo-constants:clean
> Task :expo-eas-client:clean
> Task :expo-file-system:clean
> Task :expo-font:clean
> Task :expo-haptics:clean
> Task :expo-json-utils:clean
> Task :expo-keep-awake:clean
> Task :expo-manifests:clean

> Task :expo-modules-core:externalNativeBuildCleanDebug
Clean expo-modules-core-armeabi-v7a
Clean expo-modules-core-arm64-v8a
Clean expo-modules-core-x86
Clean expo-modules-core-x86_64

> Task :expo-modules-core:externalNativeBuildCleanRelease
Clean expo-modules-core-armeabi-v7a
Clean expo-modules-core-arm64-v8a
Clean expo-modules-core-x86
Clean expo-modules-core-x86_64

> Task :expo-modules-core:clean
> Task :expo-modules-core$android-annotation:clean
> Task :expo-modules-core$android-annotation-processor:clean
> Task :expo-notifications:clean
> Task :expo-splash-screen:clean
> Task :expo-structured-headers:clean
> Task :expo-updates:clean
> Task :expo-updates-interface:clean
> Task :react-native-gesture-handler:clean
> Task :expo:generateExpoModulesPackageList
> Task :expo:preBuild
> Task :expo:preReleaseBuild
> Task :expo-application:preBuild UP-TO-DATE
> Task :expo-application:preReleaseBuild UP-TO-DATE
> Task :expo-modules-core:preBuild UP-TO-DATE
> Task :expo-modules-core:preReleaseBuild UP-TO-DATE
> Task :expo-modules-core:compileReleaseAidl NO-SOURCE
> Task :expo-application:compileReleaseAidl NO-SOURCE
> Task :expo-constants:preBuild UP-TO-DATE
> Task :expo-constants:preReleaseBuild UP-TO-DATE
> Task :expo-constants:compileReleaseAidl NO-SOURCE
> Task :expo-eas-client:preBuild UP-TO-DATE
> Task :expo-eas-client:preReleaseBuild UP-TO-DATE
> Task :expo-eas-client:compileReleaseAidl NO-SOURCE
> Task :expo-file-system:preBuild UP-TO-DATE
> Task :expo-file-system:preReleaseBuild UP-TO-DATE
> Task :expo-file-system:compileReleaseAidl NO-SOURCE
> Task :expo-font:preBuild UP-TO-DATE
> Task :expo-font:preReleaseBuild UP-TO-DATE
> Task :expo-font:compileReleaseAidl NO-SOURCE
> Task :expo-haptics:preBuild UP-TO-DATE
> Task :expo-haptics:preReleaseBuild UP-TO-DATE
> Task :expo-haptics:compileReleaseAidl NO-SOURCE
> Task :expo-json-utils:preBuild UP-TO-DATE
> Task :expo-json-utils:preReleaseBuild UP-TO-DATE
> Task :expo-json-utils:compileReleaseAidl NO-SOURCE
> Task :expo-keep-awake:preBuild UP-TO-DATE
> Task :expo-keep-awake:preReleaseBuild UP-TO-DATE
> Task :expo-keep-awake:compileReleaseAidl NO-SOURCE
> Task :expo-manifests:preBuild UP-TO-DATE
> Task :expo-manifests:preReleaseBuild UP-TO-DATE
> Task :expo-manifests:compileReleaseAidl NO-SOURCE
> Task :expo-notifications:preBuild UP-TO-DATE
> Task :expo-notifications:preReleaseBuild UP-TO-DATE
> Task :expo-notifications:compileReleaseAidl NO-SOURCE
> Task :expo-splash-screen:preBuild UP-TO-DATE
> Task :expo-splash-screen:preReleaseBuild UP-TO-DATE
> Task :expo-splash-screen:compileReleaseAidl NO-SOURCE
> Task :expo-structured-headers:preBuild UP-TO-DATE
> Task :expo-structured-headers:preReleaseBuild UP-TO-DATE
> Task :expo-structured-headers:compileReleaseAidl NO-SOURCE
> Task :expo-updates:preBuild UP-TO-DATE
> Task :expo-updates:preReleaseBuild UP-TO-DATE
> Task :expo-updates-interface:preBuild UP-TO-DATE
> Task :expo-updates-interface:preReleaseBuild UP-TO-DATE
> Task :expo-updates-interface:compileReleaseAidl NO-SOURCE
> Task :expo-updates:compileReleaseAidl NO-SOURCE
> Task :expo:compileReleaseAidl NO-SOURCE
> Task :expo:mergeReleaseJniLibFolders
> Task :expo:mergeReleaseNativeLibs NO-SOURCE
> Task :expo:stripReleaseDebugSymbols NO-SOURCE
> Task :expo-application:packageReleaseRenderscript NO-SOURCE
> Task :expo-constants:packageReleaseRenderscript NO-SOURCE
> Task :expo:copyReleaseJniLibsProjectAndLocalJars
> Task :expo-eas-client:packageReleaseRenderscript NO-SOURCE
> Task :expo-file-system:packageReleaseRenderscript NO-SOURCE
> Task :expo-font:packageReleaseRenderscript NO-SOURCE
> Task :expo-haptics:packageReleaseRenderscript NO-SOURCE
> Task :expo-json-utils:packageReleaseRenderscript NO-SOURCE
> Task :expo-keep-awake:packageReleaseRenderscript NO-SOURCE
> Task :expo-manifests:packageReleaseRenderscript NO-SOURCE
> Task :expo-modules-core:packageReleaseRenderscript NO-SOURCE
> Task :expo-notifications:packageReleaseRenderscript NO-SOURCE
> Task :expo-splash-screen:packageReleaseRenderscript NO-SOURCE
> Task :expo-structured-headers:packageReleaseRenderscript NO-SOURCE
> Task :expo-updates:packageReleaseRenderscript NO-SOURCE
> Task :expo:compileReleaseRenderscript NO-SOURCE
> Task :expo:generateReleaseResValues
> Task :expo:extractDeepLinksForAarRelease UP-TO-DATE
> Task :expo-modules-core$android-annotation:processResources NO-SOURCE
> Task :expo-modules-core$android-annotation-processor:processResources
> Task :expo:generateReleaseBuildConfig
> Task :expo:generateReleaseResources
> Task :expo:packageReleaseResources
> Task :expo-application:compileReleaseRenderscript NO-SOURCE
> Task :expo-application:generateReleaseResValues
> Task :expo-application:generateReleaseResources
> Task :expo-application:packageReleaseResources
> Task :expo-modules-core:compileReleaseRenderscript NO-SOURCE
> Task :expo-modules-core:generateReleaseResValues
> Task :expo-modules-core:generateReleaseResources
> Task :expo-application:parseReleaseLocalResources
> Task :expo:parseReleaseLocalResources
> Task :expo-modules-core:packageReleaseResources
> Task :expo-modules-core:parseReleaseLocalResources
> Task :expo-constants:compileReleaseRenderscript NO-SOURCE
> Task :expo-constants:generateReleaseResValues
> Task :expo-constants:generateReleaseResources
> Task :expo-constants:packageReleaseResources
> Task :expo-constants:parseReleaseLocalResources
> Task :expo:processReleaseManifest
> Task :expo-application:processReleaseManifest
> Task :expo-eas-client:compileReleaseRenderscript NO-SOURCE

> Task :expo-modules-core:processReleaseManifest
C:\Users\dell\Todoist_local_for_expo\node_modules\expo-modules-core\android\src\main\AndroidManifest.xml:8:9-11:45 Warning:
	meta-data#com.facebook.soloader.enabled@android:value was tagged at AndroidManifest.xml:8 to replace other declarations but no other declaration present

> Task :expo-eas-client:generateReleaseResValues
> Task :expo-constants:processReleaseManifest

> Task :expo-modules-core$android-annotation:compileKotlin
'compileJava' task (current target is 11) and 'compileKotlin' task (current target is 17) jvm target compatibility should be set to the same Java version.
Consider using JVM toolchain: https://kotl.in/gradle/jvm/toolchain


> Task :expo-eas-client:generateReleaseResources
> Task :expo-eas-client:packageReleaseResources
> Task :expo-eas-client:parseReleaseLocalResources
> Task :expo-file-system:compileReleaseRenderscript NO-SOURCE
> Task :expo-file-system:generateReleaseResValues
> Task :expo-file-system:generateReleaseResources
> Task :expo-eas-client:processReleaseManifest
> Task :expo-file-system:packageReleaseResources
> Task :expo-modules-core:generateReleaseRFile
> Task :expo-font:compileReleaseRenderscript NO-SOURCE
> Task :expo-file-system:parseReleaseLocalResources

> Task :expo-file-system:processReleaseManifest
C:\Users\dell\Todoist_local_for_expo\node_modules\expo-file-system\android\src\main\AndroidManifest.xml:6:9-8:20 Warning:
	provider#expo.modules.filesystem.FileSystemFileProvider@android:authorities was tagged at AndroidManifest.xml:6 to replace other declarations but no other declaration present

> Task :expo-constants:generateReleaseRFile
> Task :expo-eas-client:generateReleaseRFile
> Task :expo-font:generateReleaseResValues
> Task :expo-font:generateReleaseResources
> Task :expo-font:packageReleaseResources
> Task :expo-font:parseReleaseLocalResources
> Task :expo-font:processReleaseManifest
> Task :expo-haptics:compileReleaseRenderscript NO-SOURCE
> Task :expo-file-system:generateReleaseRFile
> Task :expo-haptics:generateReleaseResValues
> Task :expo-haptics:generateReleaseResources
> Task :expo-application:generateReleaseRFile
> Task :expo-haptics:packageReleaseResources
> Task :expo-font:generateReleaseRFile
> Task :expo-haptics:parseReleaseLocalResources
> Task :expo-json-utils:compileReleaseRenderscript NO-SOURCE
> Task :expo-json-utils:generateReleaseResValues
> Task :expo-json-utils:generateReleaseResources
> Task :expo-haptics:processReleaseManifest
> Task :expo-json-utils:packageReleaseResources
> Task :expo-json-utils:parseReleaseLocalResources
> Task :expo-keep-awake:compileReleaseRenderscript NO-SOURCE
> Task :expo-keep-awake:generateReleaseResValues
> Task :expo-keep-awake:generateReleaseResources
> Task :expo-json-utils:processReleaseManifest
> Task :expo-keep-awake:packageReleaseResources
> Task :expo-json-utils:generateReleaseRFile
> Task :expo-keep-awake:parseReleaseLocalResources
> Task :expo-manifests:compileReleaseRenderscript NO-SOURCE
> Task :expo-manifests:generateReleaseResValues
> Task :expo-manifests:generateReleaseResources
> Task :expo-keep-awake:processReleaseManifest
> Task :expo-haptics:generateReleaseRFile
> Task :expo-manifests:packageReleaseResources
> Task :expo-manifests:parseReleaseLocalResources
> Task :expo-notifications:compileReleaseRenderscript NO-SOURCE
> Task :expo-notifications:generateReleaseResValues
> Task :expo-notifications:generateReleaseResources
> Task :expo-keep-awake:generateReleaseRFile
> Task :expo-manifests:processReleaseManifest
> Task :expo-notifications:packageReleaseResources
> Task :expo-manifests:generateReleaseRFile
> Task :expo-notifications:parseReleaseLocalResources
> Task :expo-splash-screen:compileReleaseRenderscript NO-SOURCE
> Task :expo-splash-screen:generateReleaseResValues
> Task :expo-splash-screen:generateReleaseResources
> Task :expo-notifications:processReleaseManifest
> Task :expo-splash-screen:packageReleaseResources
> Task :expo-splash-screen:parseReleaseLocalResources
> Task :expo-structured-headers:compileReleaseRenderscript NO-SOURCE
> Task :expo-structured-headers:generateReleaseResValues
> Task :expo-structured-headers:generateReleaseResources
> Task :expo-splash-screen:processReleaseManifest
> Task :expo-structured-headers:packageReleaseResources
> Task :expo-notifications:generateReleaseRFile
> Task :expo-structured-headers:parseReleaseLocalResources
> Task :expo-updates-interface:packageReleaseRenderscript NO-SOURCE
> Task :expo-updates:compileReleaseRenderscript NO-SOURCE
> Task :expo-structured-headers:processReleaseManifest
> Task :expo-updates:generateReleaseResValues
> Task :expo-splash-screen:generateReleaseRFile
> Task :expo-updates:generateReleaseResources
> Task :expo-structured-headers:generateReleaseRFile
> Task :expo-updates:packageReleaseResources
> Task :expo-updates:parseReleaseLocalResources
> Task :expo-updates-interface:compileReleaseRenderscript NO-SOURCE
> Task :expo-updates-interface:generateReleaseResValues
> Task :expo-updates-interface:generateReleaseResources
> Task :expo-updates:processReleaseManifest
> Task :expo-updates-interface:packageReleaseResources
> Task :expo-updates-interface:parseReleaseLocalResources
> Task :expo-application:generateReleaseBuildConfig
> Task :expo-modules-core:generateReleaseBuildConfig
> Task :expo-updates-interface:processReleaseManifest
> Task :expo-modules-core:javaPreCompileRelease
> Task :expo-application:javaPreCompileRelease
> Task :expo-updates-interface:generateReleaseRFile
> Task :expo-constants:generateReleaseBuildConfig
> Task :expo-constants:javaPreCompileRelease
> Task :expo-eas-client:generateReleaseBuildConfig
> Task :expo-eas-client:javaPreCompileRelease
> Task :expo-updates:generateReleaseRFile
> Task :expo-file-system:generateReleaseBuildConfig
> Task :expo-file-system:javaPreCompileRelease
> Task :expo-font:generateReleaseBuildConfig
> Task :expo-font:javaPreCompileRelease
> Task :expo-haptics:generateReleaseBuildConfig
> Task :expo-haptics:javaPreCompileRelease
> Task :expo-json-utils:generateReleaseBuildConfig
> Task :expo-json-utils:javaPreCompileRelease
> Task :expo-keep-awake:generateReleaseBuildConfig
> Task :expo-keep-awake:javaPreCompileRelease
> Task :expo-manifests:generateReleaseBuildConfig
> Task :expo-manifests:javaPreCompileRelease
> Task :expo-notifications:generateReleaseBuildConfig
> Task :expo-notifications:javaPreCompileRelease
> Task :expo-splash-screen:generateReleaseBuildConfig
> Task :expo-splash-screen:javaPreCompileRelease
> Task :expo-structured-headers:generateReleaseBuildConfig
> Task :expo-structured-headers:compileReleaseKotlin NO-SOURCE
> Task :expo-structured-headers:javaPreCompileRelease
> Task :expo:generateReleaseRFile
> Task :expo-updates:generateReleaseBuildConfig
> Task :expo-structured-headers:compileReleaseJavaWithJavac
> Task :expo-updates-interface:generateReleaseBuildConfig
> Task :expo-updates-interface:compileReleaseKotlin NO-SOURCE
> Task :expo-updates-interface:javaPreCompileRelease
> Task :expo-structured-headers:bundleLibCompileToJarRelease
> Task :expo-updates:javaPreCompileRelease
> Task :expo-updates-interface:compileReleaseJavaWithJavac
> Task :expo:javaPreCompileRelease
> Task :expo-updates-interface:bundleLibCompileToJarRelease
> Task :expo:mergeReleaseShaders
> Task :expo:compileReleaseShaders NO-SOURCE
> Task :expo:generateReleaseAssets UP-TO-DATE
> Task :expo:packageReleaseAssets
> Task :expo:packageReleaseRenderscript NO-SOURCE
> Task :expo:prepareLintJarForPublish UP-TO-DATE
> Task :expo:prepareReleaseArtProfile UP-TO-DATE
> Task :expo:processReleaseJavaRes NO-SOURCE
> Task :expo:writeReleaseAarMetadata
> Task :expo-json-utils:compileReleaseKotlin
> Task :react-native-gesture-handler:assertNoMultipleInstances
> Task :expo-modules-core$android-annotation:compileJava NO-SOURCE
> Task :expo-modules-core$android-annotation:classes UP-TO-DATE
> Task :expo-modules-core$android-annotation:jar
> Task :expo-modules-core$android-annotation:inspectClassesForKotlinIC
> Task :expo-json-utils:compileReleaseJavaWithJavac
> Task :react-native-gesture-handler:preBuild
> Task :react-native-gesture-handler:preReleaseBuild
> Task :react-native-gesture-handler:compileReleaseAidl NO-SOURCE
> Task :expo-json-utils:bundleLibCompileToJarRelease
> Task :react-native-gesture-handler:mergeReleaseJniLibFolders
> Task :react-native-gesture-handler:mergeReleaseNativeLibs NO-SOURCE
> Task :react-native-gesture-handler:stripReleaseDebugSymbols NO-SOURCE
> Task :react-native-gesture-handler:copyReleaseJniLibsProjectAndLocalJars
> Task :react-native-gesture-handler:compileReleaseRenderscript NO-SOURCE
> Task :react-native-gesture-handler:generateReleaseResValues
> Task :react-native-gesture-handler:extractDeepLinksForAarRelease UP-TO-DATE
> Task :react-native-gesture-handler:generateReleaseBuildConfig
> Task :react-native-gesture-handler:generateReleaseResources
> Task :react-native-gesture-handler:packageReleaseResources
> Task :react-native-gesture-handler:parseReleaseLocalResources
> Task :react-native-gesture-handler:javaPreCompileRelease
> Task :react-native-gesture-handler:mergeReleaseShaders
> Task :react-native-gesture-handler:compileReleaseShaders NO-SOURCE
> Task :react-native-gesture-handler:generateReleaseAssets UP-TO-DATE

> Task :react-native-gesture-handler:processReleaseManifest
package="com.swmansion.gesturehandler" found in source AndroidManifest.xml: C:\Users\dell\Todoist_local_for_expo\node_modules\react-native-gesture-handler\android\src\main\AndroidManifest.xml.
Setting the namespace via a source AndroidManifest.xml's package attribute is deprecated.
Please instead set the namespace (or testNamespace) in the module's build.gradle file, as described here: https://developer.android.com/studio/build/configure-app-module#set-namespace
This migration can be done automatically using the AGP Upgrade Assistant, please refer to https://developer.android.com/studio/build/agp-upgrade-assistant for more information.

> Task :react-native-gesture-handler:packageReleaseAssets
> Task :react-native-gesture-handler:packageReleaseRenderscript NO-SOURCE
> Task :react-native-gesture-handler:prepareLintJarForPublish UP-TO-DATE
> Task :react-native-gesture-handler:prepareReleaseArtProfile UP-TO-DATE
> Task :react-native-gesture-handler:processReleaseJavaRes NO-SOURCE
> Task :react-native-gesture-handler:writeReleaseAarMetadata
> Task :expo-application:mergeReleaseJniLibFolders
> Task :expo-application:mergeReleaseNativeLibs NO-SOURCE
> Task :expo-application:stripReleaseDebugSymbols NO-SOURCE
> Task :expo-application:copyReleaseJniLibsProjectAndLocalJars
> Task :expo-application:extractDeepLinksForAarRelease UP-TO-DATE
> Task :expo-application:mergeReleaseShaders
> Task :expo-application:compileReleaseShaders NO-SOURCE
> Task :expo-application:generateReleaseAssets UP-TO-DATE
> Task :react-native-gesture-handler:generateReleaseRFile
> Task :expo-application:packageReleaseAssets

> Task :expo-modules-core$android-annotation-processor:compileKotlin
'compileJava' task (current target is 11) and 'compileKotlin' task (current target is 17) jvm target compatibility should be set to the same Java version.
Consider using JVM toolchain: https://kotl.in/gradle/jvm/toolchain


> Task :expo-application:prepareLintJarForPublish UP-TO-DATE
> Task :expo-application:prepareReleaseArtProfile UP-TO-DATE
> Task :expo-application:processReleaseJavaRes NO-SOURCE
> Task :expo-application:writeReleaseAarMetadata
> Task :expo-constants:mergeReleaseJniLibFolders
> Task :expo-constants:mergeReleaseNativeLibs NO-SOURCE
> Task :expo-constants:stripReleaseDebugSymbols NO-SOURCE
> Task :expo-constants:copyReleaseJniLibsProjectAndLocalJars
> Task :expo-constants:extractDeepLinksForAarRelease UP-TO-DATE
> Task :expo-constants:mergeReleaseShaders
> Task :expo-constants:compileReleaseShaders NO-SOURCE
> Task :expo-constants:createReleaseExpoConfig
> Task :expo-constants:copyReleaseExpoConfig
> Task :expo-constants:generateReleaseAssets UP-TO-DATE
> Task :expo-constants:packageReleaseAssets
> Task :expo-constants:prepareLintJarForPublish UP-TO-DATE
> Task :expo-constants:prepareReleaseArtProfile UP-TO-DATE
> Task :expo-constants:cleanupReleaseExpoConfig
> Task :expo-constants:processReleaseJavaRes NO-SOURCE
> Task :expo-constants:writeReleaseAarMetadata
> Task :expo-updates:mergeReleaseJniLibFolders
> Task :expo-updates:mergeReleaseNativeLibs NO-SOURCE
> Task :expo-updates:stripReleaseDebugSymbols NO-SOURCE
> Task :expo-updates:copyReleaseJniLibsProjectAndLocalJars
> Task :expo-updates:extractDeepLinksForAarRelease UP-TO-DATE
> Task :expo-updates:mergeReleaseShaders
> Task :expo-updates:compileReleaseShaders NO-SOURCE
> Task :expo-updates:generateReleaseAssets UP-TO-DATE
> Task :expo-updates:packageReleaseAssets
> Task :expo-updates:prepareLintJarForPublish UP-TO-DATE
> Task :expo-updates:prepareReleaseArtProfile UP-TO-DATE
> Task :expo-updates:processReleaseJavaRes NO-SOURCE
> Task :expo-updates:writeReleaseAarMetadata
> Task :expo-eas-client:mergeReleaseJniLibFolders
> Task :expo-eas-client:mergeReleaseNativeLibs NO-SOURCE
> Task :expo-eas-client:stripReleaseDebugSymbols NO-SOURCE
> Task :expo-eas-client:copyReleaseJniLibsProjectAndLocalJars
> Task :expo-eas-client:extractDeepLinksForAarRelease UP-TO-DATE
> Task :expo-eas-client:mergeReleaseShaders
> Task :expo-eas-client:compileReleaseShaders NO-SOURCE
> Task :expo-eas-client:generateReleaseAssets UP-TO-DATE
> Task :expo-eas-client:packageReleaseAssets
> Task :expo-eas-client:prepareLintJarForPublish UP-TO-DATE
> Task :expo-eas-client:prepareReleaseArtProfile UP-TO-DATE
> Task :expo-eas-client:processReleaseJavaRes NO-SOURCE
> Task :expo-eas-client:writeReleaseAarMetadata
> Task :expo-file-system:mergeReleaseJniLibFolders
> Task :expo-file-system:mergeReleaseNativeLibs NO-SOURCE
> Task :expo-file-system:stripReleaseDebugSymbols NO-SOURCE
> Task :expo-file-system:copyReleaseJniLibsProjectAndLocalJars
> Task :expo-file-system:extractDeepLinksForAarRelease UP-TO-DATE
> Task :expo-file-system:mergeReleaseShaders
> Task :expo-file-system:compileReleaseShaders NO-SOURCE
> Task :expo-file-system:generateReleaseAssets UP-TO-DATE
> Task :expo-file-system:packageReleaseAssets
> Task :expo-file-system:prepareLintJarForPublish UP-TO-DATE
> Task :expo-file-system:prepareReleaseArtProfile UP-TO-DATE
> Task :expo-file-system:processReleaseJavaRes NO-SOURCE
> Task :expo-file-system:writeReleaseAarMetadata
> Task :expo-font:mergeReleaseJniLibFolders
> Task :expo-font:mergeReleaseNativeLibs NO-SOURCE
> Task :expo-font:stripReleaseDebugSymbols NO-SOURCE
> Task :expo-font:copyReleaseJniLibsProjectAndLocalJars
> Task :expo-font:extractDeepLinksForAarRelease UP-TO-DATE
> Task :expo-font:mergeReleaseShaders
> Task :expo-font:compileReleaseShaders NO-SOURCE
> Task :expo-font:generateReleaseAssets UP-TO-DATE
> Task :expo-font:packageReleaseAssets
> Task :expo-font:prepareLintJarForPublish UP-TO-DATE
> Task :expo-font:prepareReleaseArtProfile UP-TO-DATE
> Task :expo-font:processReleaseJavaRes NO-SOURCE
> Task :expo-font:writeReleaseAarMetadata
> Task :expo-haptics:mergeReleaseJniLibFolders
> Task :expo-haptics:mergeReleaseNativeLibs NO-SOURCE
> Task :expo-haptics:stripReleaseDebugSymbols NO-SOURCE
> Task :expo-haptics:copyReleaseJniLibsProjectAndLocalJars
> Task :expo-haptics:extractDeepLinksForAarRelease UP-TO-DATE
> Task :expo-haptics:mergeReleaseShaders
> Task :expo-haptics:compileReleaseShaders NO-SOURCE
> Task :expo-haptics:generateReleaseAssets UP-TO-DATE
> Task :expo-haptics:packageReleaseAssets
> Task :expo-haptics:prepareLintJarForPublish UP-TO-DATE
> Task :expo-haptics:prepareReleaseArtProfile UP-TO-DATE
> Task :expo-haptics:processReleaseJavaRes NO-SOURCE
> Task :expo-haptics:writeReleaseAarMetadata
> Task :expo-keep-awake:mergeReleaseJniLibFolders
> Task :expo-keep-awake:mergeReleaseNativeLibs NO-SOURCE
> Task :expo-keep-awake:stripReleaseDebugSymbols NO-SOURCE
> Task :expo-keep-awake:copyReleaseJniLibsProjectAndLocalJars
> Task :expo-keep-awake:extractDeepLinksForAarRelease UP-TO-DATE

> Task :react-native-gesture-handler:compileReleaseKotlin
'compileReleaseJavaWithJavac' task (current target is 11) and 'compileReleaseKotlin' task (current target is 17) jvm target compatibility should be set to the same Java version.
Consider using JVM toolchain: https://kotl.in/gradle/jvm/toolchain


> Task :expo-keep-awake:mergeReleaseShaders
> Task :expo-keep-awake:compileReleaseShaders NO-SOURCE
> Task :expo-keep-awake:generateReleaseAssets UP-TO-DATE
> Task :expo-keep-awake:packageReleaseAssets
> Task :expo-keep-awake:prepareLintJarForPublish UP-TO-DATE
> Task :expo-keep-awake:prepareReleaseArtProfile UP-TO-DATE
> Task :expo-keep-awake:processReleaseJavaRes NO-SOURCE
> Task :expo-keep-awake:writeReleaseAarMetadata
> Task :expo-notifications:mergeReleaseJniLibFolders
> Task :expo-notifications:mergeReleaseNativeLibs NO-SOURCE
> Task :expo-notifications:stripReleaseDebugSymbols NO-SOURCE
> Task :expo-notifications:copyReleaseJniLibsProjectAndLocalJars
> Task :expo-notifications:extractDeepLinksForAarRelease UP-TO-DATE
> Task :expo-notifications:mergeReleaseShaders
> Task :expo-notifications:compileReleaseShaders NO-SOURCE
> Task :expo-notifications:generateReleaseAssets UP-TO-DATE
> Task :expo-notifications:packageReleaseAssets
> Task :expo-notifications:prepareLintJarForPublish UP-TO-DATE
> Task :expo-notifications:prepareReleaseArtProfile UP-TO-DATE
> Task :expo-notifications:processReleaseJavaRes NO-SOURCE
> Task :expo-notifications:writeReleaseAarMetadata
> Task :expo-splash-screen:mergeReleaseJniLibFolders
> Task :expo-splash-screen:mergeReleaseNativeLibs NO-SOURCE
> Task :expo-splash-screen:stripReleaseDebugSymbols NO-SOURCE
> Task :expo-splash-screen:copyReleaseJniLibsProjectAndLocalJars
> Task :expo-splash-screen:extractDeepLinksForAarRelease UP-TO-DATE
> Task :expo-splash-screen:mergeReleaseShaders
> Task :expo-splash-screen:compileReleaseShaders NO-SOURCE
> Task :expo-splash-screen:generateReleaseAssets UP-TO-DATE
> Task :expo-splash-screen:packageReleaseAssets
> Task :expo-splash-screen:prepareLintJarForPublish UP-TO-DATE
> Task :expo-splash-screen:prepareReleaseArtProfile UP-TO-DATE
> Task :expo-splash-screen:processReleaseJavaRes NO-SOURCE
> Task :expo-splash-screen:writeReleaseAarMetadata
> Task :expo-modules-core:configureCMakeRelWithDebInfo[arm64-v8a]
> Task :expo-modules-core:compileReleaseKotlin
> Task :expo-manifests:compileReleaseKotlin
w: file:///C:/Users/dell/Todoist_local_for_expo/node_modules/expo-manifests/android/src/main/java/expo/modules/manifests/core/BaseLegacyManifest.kt:10:16 This declaration overrides deprecated member but not marked as deprecated itself. This deprecation won't be inherited in future releases. Please add @Deprecated annotation or suppress. See https://youtrack.jetbrains.com/issue/KT-47902 for details
w: file:///C:/Users/dell/Todoist_local_for_expo/node_modules/expo-manifests/android/src/main/java/expo/modules/manifests/core/BaseLegacyManifest.kt:10:86 'getLegacyID(): String' is deprecated. Prefer scopeKey or projectId depending on use case
w: file:///C:/Users/dell/Todoist_local_for_expo/node_modules/expo-manifests/android/src/main/java/expo/modules/manifests/core/BaseLegacyManifest.kt:12:72 'getStableLegacyID(): String?' is deprecated. Overrides deprecated member in 'expo.modules.manifests.core.Manifest'. Prefer scopeKey or projectId depending on use case
w: file:///C:/Users/dell/Todoist_local_for_expo/node_modules/expo-manifests/android/src/main/java/expo/modules/manifests/core/Manifest.kt:28:12 'getRawJson(): JSONObject' is deprecated. Prefer to use specific field getters
w: file:///C:/Users/dell/Todoist_local_for_expo/node_modules/expo-manifests/android/src/main/java/expo/modules/manifests/core/Manifest.kt:239:65 Elvis operator (?:) always returns the left operand of non-nullable type List<PluginType>
w: file:///C:/Users/dell/Todoist_local_for_expo/node_modules/expo-manifests/android/src/main/java/expo/modules/manifests/core/NewManifest.kt:18:16 This declaration overrides deprecated member but not marked as deprecated itself. This deprecation won't be inherited in future releases. Please add @Deprecated annotation or suppress. See https://youtrack.jetbrains.com/issue/KT-47902 for details
w: file:///C:/Users/dell/Todoist_local_for_expo/node_modules/expo-manifests/android/src/main/java/expo/modules/manifests/core/NewManifest.kt:52:72 'getSDKVersionFromRuntimeVersion(): String?' is deprecated. exposdk:... runtime version is deprecated

> Task :expo-modules-core:buildCMakeRelWithDebInfo[arm64-v8a]
> Task :expo-modules-core$android-annotation-processor:compileJava NO-SOURCE
> Task :expo-modules-core$android-annotation-processor:classes
> Task :expo-modules-core$android-annotation-processor:jar
> Task :expo-modules-core$android-annotation-processor:inspectClassesForKotlinIC
> Task :expo-manifests:compileReleaseJavaWithJavac
> Task :expo-manifests:bundleLibCompileToJarRelease
> Task :expo-modules-core:configureCMakeRelWithDebInfo[armeabi-v7a]
> Task :expo-modules-core:buildCMakeRelWithDebInfo[armeabi-v7a]
> Task :expo-modules-core:configureCMakeRelWithDebInfo[x86]

> Task :react-native-gesture-handler:compileReleaseKotlin
w: file:///C:/Users/dell/Todoist_local_for_expo/node_modules/react-native-gesture-handler/android/noreanimated/src/main/java/com/swmansion/gesturehandler/ReanimatedEventDispatcher.kt:7:31 Parameter 'event' is never used
w: file:///C:/Users/dell/Todoist_local_for_expo/node_modules/react-native-gesture-handler/android/noreanimated/src/main/java/com/swmansion/gesturehandler/ReanimatedEventDispatcher.kt:7:41 Parameter 'reactApplicationContext' is never used
w: file:///C:/Users/dell/Todoist_local_for_expo/node_modules/react-native-gesture-handler/android/src/main/java/com/swmansion/gesturehandler/core/GestureHandler.kt:755:11 Name shadowed: size
w: file:///C:/Users/dell/Todoist_local_for_expo/node_modules/react-native-gesture-handler/android/src/main/java/com/swmansion/gesturehandler/react/RNGestureHandlerEnabledRootView.kt:9:51 Unreachable code
w: file:///C:/Users/dell/Todoist_local_for_expo/node_modules/react-native-gesture-handler/android/src/main/java/com/swmansion/gesturehandler/react/RNGestureHandlerEnabledRootView.kt:10:80 Unreachable code
w: file:///C:/Users/dell/Todoist_local_for_expo/node_modules/react-native-gesture-handler/android/src/main/java/com/swmansion/gesturehandler/react/RNGestureHandlerRootHelper.kt:77:18 'onChildStartedNativeGesture(MotionEvent!): Unit' is deprecated. Deprecated in Java
w: file:///C:/Users/dell/Todoist_local_for_expo/node_modules/react-native-gesture-handler/android/src/main/java/com/swmansion/gesturehandler/react/RNGestureHandlerRootHelper.kt:82:42 Parameter 'disallowIntercept' is never used
w: file:///C:/Users/dell/Todoist_local_for_expo/node_modules/react-native-gesture-handler/android/src/main/java/com/swmansion/gesturehandler/react/RNGestureHandlerRootHelper.kt:114:28 Parameter 'viewTag' is never used
w: file:///C:/Users/dell/Todoist_local_for_expo/node_modules/react-native-gesture-handler/android/src/main/java/com/swmansion/gesturehandler/react/RNGestureHandlerTouchEvent.kt:7:44 'RCTEventEmitter' is deprecated. Deprecated in Java
w: file:///C:/Users/dell/Todoist_local_for_expo/node_modules/react-native-gesture-handler/android/src/main/java/com/swmansion/gesturehandler/react/RNGestureHandlerTouchEvent.kt:14:11 'init(Int): Unit' is deprecated. Deprecated in Java
w: file:///C:/Users/dell/Todoist_local_for_expo/node_modules/react-native-gesture-handler/android/src/main/java/com/swmansion/gesturehandler/react/RNGestureHandlerTouchEvent.kt:30:42 'RCTEventEmitter' is deprecated. Deprecated in Java
w: file:///C:/Users/dell/Todoist_local_for_expo/node_modules/react-native-gesture-handler/android/src/main/java/com/swmansion/gesturehandler/react/RNGestureHandlerTouchEvent.kt:31:21 'receiveEvent(Int, String!, WritableMap?): Unit' is deprecated. Deprecated in Java

> Task :expo-modules-core:buildCMakeRelWithDebInfo[x86]
> Task :react-native-gesture-handler:extractReleaseAnnotations
> Task :react-native-gesture-handler:compileReleaseJavaWithJavac
> Task :react-native-gesture-handler:mergeReleaseGeneratedProguardFiles UP-TO-DATE
> Task :react-native-gesture-handler:mergeReleaseConsumerProguardFiles UP-TO-DATE
> Task :react-native-gesture-handler:mergeReleaseJavaResource
> Task :expo-modules-core:configureCMakeRelWithDebInfo[x86_64]
> Task :react-native-gesture-handler:syncReleaseLibJars
> Task :react-native-gesture-handler:bundleReleaseLocalLintAar
> Task :expo-modules-core:buildCMakeRelWithDebInfo[x86_64]

> Task :expo-modules-core:compileReleaseKotlin
w: Argument -Xopt-in is deprecated. Please use -opt-in instead
w: file:///C:/Users/dell/Todoist_local_for_expo/node_modules/expo-modules-core/android/src/main/java/expo/modules/adapters/react/permissions/PermissionsService.kt:157:30 'getPackageInfo(String, Int): PackageInfo!' is deprecated. Deprecated in Java
w: file:///C:/Users/dell/Todoist_local_for_expo/node_modules/expo-modules-core/android/src/main/java/expo/modules/core/utilities/EmulatorUtilities.kt:30:13 'SERIAL: String!' is deprecated. Deprecated in Java
w: file:///C:/Users/dell/Todoist_local_for_expo/node_modules/expo-modules-core/android/src/main/java/expo/modules/kotlin/Promise.kt:68:18 This declaration overrides deprecated member but not marked as deprecated itself. This deprecation won't be inherited in future releases. Please add @Deprecated annotation or suppress. See https://youtrack.jetbrains.com/issue/KT-47902 for details
w: file:///C:/Users/dell/Todoist_local_for_expo/node_modules/expo-modules-core/android/src/main/java/expo/modules/kotlin/Utils.kt:8:3 Expected performance impact from inlining is insignificant. Inlining works best for functions with parameters of functional types
w: file:///C:/Users/dell/Todoist_local_for_expo/node_modules/expo-modules-core/android/src/main/java/expo/modules/kotlin/activityresult/ActivityResultsManager.kt:52:24 Parameter 'activity' is never used
w: file:///C:/Users/dell/Todoist_local_for_expo/node_modules/expo-modules-core/android/src/main/java/expo/modules/kotlin/activityresult/AppContextActivityResultRegistry.kt:119:51 'getParcelableExtra(String!): T?' is deprecated. Deprecated in Java
w: file:///C:/Users/dell/Todoist_local_for_expo/node_modules/expo-modules-core/android/src/main/java/expo/modules/kotlin/activityresult/AppContextActivityResultRegistry.kt:180:26 'getParcelable(String?): T?' is deprecated. Deprecated in Java
w: file:///C:/Users/dell/Todoist_local_for_expo/node_modules/expo-modules-core/android/src/main/java/expo/modules/kotlin/activityresult/AppContextActivityResultRegistry.kt:271:83 'getParcelable(String?): T?' is deprecated. Deprecated in Java
w: file:///C:/Users/dell/Todoist_local_for_expo/node_modules/expo-modules-core/android/src/main/java/expo/modules/kotlin/activityresult/DataPersistor.kt:67:20 'getSerializable(String?): Serializable?' is deprecated. Deprecated in Java
w: file:///C:/Users/dell/Todoist_local_for_expo/node_modules/expo-modules-core/android/src/main/java/expo/modules/kotlin/activityresult/DataPersistor.kt:85:26 'getSerializable(String?): Serializable?' is deprecated. Deprecated in Java
w: file:///C:/Users/dell/Todoist_local_for_expo/node_modules/expo-modules-core/android/src/main/java/expo/modules/kotlin/devtools/cdp/CdpNetworkTypes.kt:184:54 Parameter 'request' is never used
w: file:///C:/Users/dell/Todoist_local_for_expo/node_modules/expo-modules-core/android/src/main/java/expo/modules/kotlin/devtools/cdp/CdpNetworkTypes.kt:208:54 Parameter 'request' is never used
w: file:///C:/Users/dell/Todoist_local_for_expo/node_modules/expo-modules-core/android/src/main/java/expo/modules/kotlin/devtools/cdp/CdpNetworkTypes.kt:228:15 Parameter 'now' is never used
w: file:///C:/Users/dell/Todoist_local_for_expo/node_modules/expo-modules-core/android/src/main/java/expo/modules/kotlin/devtools/cdp/CdpNetworkTypes.kt:228:54 Parameter 'request' is never used
w: file:///C:/Users/dell/Todoist_local_for_expo/node_modules/expo-modules-core/android/src/main/java/expo/modules/kotlin/events/KModuleEventEmitterWrapper.kt:90:7 'constructor Event<T : Event<(raw) Event<*>>!>(Int)' is deprecated. Deprecated in Java
w: file:///C:/Users/dell/Todoist_local_for_expo/node_modules/expo-modules-core/android/src/main/java/expo/modules/kotlin/jni/JavaScriptObject.kt:88:33 Parameter 'null' is never used
w: file:///C:/Users/dell/Todoist_local_for_expo/node_modules/expo-modules-core/android/src/main/java/expo/modules/kotlin/jni/JavaScriptObject.kt:89:34 Parameter 'null' is never used
w: file:///C:/Users/dell/Todoist_local_for_expo/node_modules/expo-modules-core/android/src/main/java/expo/modules/kotlin/jni/JavaScriptObject.kt:130:5 Parameter 'null' is never used
w: file:///C:/Users/dell/Todoist_local_for_expo/node_modules/expo-modules-core/android/src/main/java/expo/modules/kotlin/types/Either.kt:24:11 Parameter 'type' is never used
w: file:///C:/Users/dell/Todoist_local_for_expo/node_modules/expo-modules-core/android/src/main/java/expo/modules/kotlin/types/Either.kt:27:11 Parameter 'type' is never used
w: file:///C:/Users/dell/Todoist_local_for_expo/node_modules/expo-modules-core/android/src/main/java/expo/modules/kotlin/types/Either.kt:44:11 Parameter 'type' is never used
w: file:///C:/Users/dell/Todoist_local_for_expo/node_modules/expo-modules-core/android/src/main/java/expo/modules/kotlin/types/Either.kt:59:11 Parameter 'type' is never used
w: file:///C:/Users/dell/Todoist_local_for_expo/node_modules/expo-modules-core/android/src/main/java/expo/modules/kotlin/types/JSTypeConverterHelper.kt:44:17 'get(String!): Any?' is deprecated. Deprecated in Java

> Task :expo-modules-core:compileReleaseJavaWithJavac
.\gradlew.bat : Note: Some input files use or override a deprecated API.
At line:1 char:19
+ ... lew.bat -v; .\gradlew.bat clean assembleRelease --stacktrace --no-dae ...
+                 ~~~~~~~~~~~~~~~~~~~~~~~~~~~~~~~~~~~~~~~~~~~~~~~~~~~~~~~~~
    + CategoryInfo          : NotSpecified: (Note: Some inpu...deprecated API.:String 
   ) [], RemoteException
    + FullyQualifiedErrorId : NativeCommandError
 
Note: Recompile with -Xlint:deprecation for details.
Note: Some input files use unchecked or unsafe operations.
Note: Recompile with -Xlint:unchecked for details.

> Task :expo-modules-core:externalNativeBuildRelease
> Task :expo-modules-core:mergeReleaseJniLibFolders
> Task :expo-modules-core:extractDeepLinksForAarRelease UP-TO-DATE
> Task :expo-modules-core:extractReleaseAnnotations
> Task :expo-modules-core:mergeReleaseNativeLibs
> Task :expo-modules-core:bundleLibCompileToJarRelease
> Task :expo-modules-core:mergeReleaseGeneratedProguardFiles UP-TO-DATE
> Task :expo-application:compileReleaseKotlin
> Task :expo-constants:compileReleaseKotlin
> Task :expo-eas-client:compileReleaseKotlin
> Task :expo-file-system:compileReleaseKotlin
> Task :expo-font:compileReleaseKotlin
> Task :expo-haptics:compileReleaseKotlin
> Task :expo-keep-awake:compileReleaseKotlin
> Task :expo-notifications:compileReleaseKotlin

> Task :expo-font:compileReleaseKotlin
w: file:///C:/Users/dell/Todoist_local_for_expo/node_modules/expo-font/android/src/main/java/expo/modules/font/FontLoaderModule.kt:55:38 Type mismatch: inferred type is String? but String was expected

> Task :expo-eas-client:compileReleaseJavaWithJavac
> Task :expo-eas-client:bundleLibCompileToJarRelease
> Task :expo-font:compileReleaseJavaWithJavac
> Task :expo-font:bundleLibCompileToJarRelease

> Task :expo-application:compileReleaseKotlin
w: file:///C:/Users/dell/Todoist_local_for_expo/node_modules/expo-application/android/src/main/java/expo/modules/application/ApplicationModule.kt:52:34 'getPackageInfo(String, Int): PackageInfo!' is deprecated. Deprecated in Java
w: file:///C:/Users/dell/Todoist_local_for_expo/node_modules/expo-application/android/src/main/java/expo/modules/application/ApplicationModule.kt:70:33 'getPackageInfo(String, Int): PackageInfo!' is deprecated. Deprecated in Java
w: file:///C:/Users/dell/Todoist_local_for_expo/node_modules/expo-application/android/src/main/java/expo/modules/application/ApplicationModule.kt:83:33 'getPackageInfo(String, Int): PackageInfo!' is deprecated. Deprecated in Java
w: file:///C:/Users/dell/Todoist_local_for_expo/node_modules/expo-application/android/src/main/java/expo/modules/application/ApplicationModule.kt:129:14 'versionCode: Int' is deprecated. Deprecated in Java

> Task :expo-updates:kaptGenerateStubsReleaseKotlin
'compileReleaseJavaWithJavac' task (current target is 11) and 'kaptGenerateStubsReleaseKotlin' task (current target is 17) jvm target compatibility should be set to the same Java version.
Consider using JVM toolchain: https://kotl.in/gradle/jvm/toolchain


> Task :expo-application:compileReleaseJavaWithJavac
> Task :expo-application:bundleLibCompileToJarRelease
> Task :expo-keep-awake:compileReleaseJavaWithJavac
> Task :expo-application:extractReleaseAnnotations
> Task :expo-keep-awake:bundleLibCompileToJarRelease
> Task :expo-application:mergeReleaseGeneratedProguardFiles UP-TO-DATE
> Task :expo-application:mergeReleaseConsumerProguardFiles UP-TO-DATE
> Task :expo-eas-client:extractReleaseAnnotations
> Task :expo-application:mergeReleaseJavaResource
> Task :expo-eas-client:mergeReleaseGeneratedProguardFiles UP-TO-DATE
> Task :expo-application:syncReleaseLibJars
> Task :expo-application:bundleReleaseLocalLintAar
> Task :expo-eas-client:mergeReleaseConsumerProguardFiles UP-TO-DATE
> Task :expo-eas-client:mergeReleaseJavaResource
> Task :expo-eas-client:syncReleaseLibJars
> Task :expo-eas-client:bundleReleaseLocalLintAar
> Task :expo-font:extractReleaseAnnotations
> Task :expo-font:mergeReleaseGeneratedProguardFiles UP-TO-DATE
> Task :expo-font:mergeReleaseConsumerProguardFiles UP-TO-DATE
> Task :expo-font:mergeReleaseJavaResource
> Task :expo-font:syncReleaseLibJars
> Task :expo-font:bundleReleaseLocalLintAar
> Task :expo-keep-awake:extractReleaseAnnotations
> Task :expo-keep-awake:mergeReleaseGeneratedProguardFiles UP-TO-DATE
> Task :expo-keep-awake:mergeReleaseConsumerProguardFiles UP-TO-DATE
> Task :expo-keep-awake:mergeReleaseJavaResource

> Task :expo-haptics:compileReleaseKotlin
w: file:///C:/Users/dell/Todoist_local_for_expo/node_modules/expo-haptics/android/src/main/java/expo/modules/haptics/HapticsModule.kt:19:46 'VIBRATOR_SERVICE: String' is deprecated. Deprecated in Java
w: file:///C:/Users/dell/Todoist_local_for_expo/node_modules/expo-haptics/android/src/main/java/expo/modules/haptics/HapticsModule.kt:41:16 'vibrate(LongArray!, Int): Unit' is deprecated. Deprecated in Java

> Task :expo-constants:compileReleaseKotlin
w: file:///C:/Users/dell/Todoist_local_for_expo/node_modules/expo-constants/android/src/main/java/expo/modules/constants/ConstantsService.kt:56:42 'getPackageInfo(String, Int): PackageInfo!' is deprecated. Deprecated in Java
w: file:///C:/Users/dell/Todoist_local_for_expo/node_modules/expo-constants/android/src/main/java/expo/modules/constants/ConstantsService.kt:125:17 'versionCode: Int' is deprecated. Deprecated in Java

> Task :expo-haptics:compileReleaseJavaWithJavac
> Task :expo-modules-core:stripReleaseDebugSymbols
> Task :expo-constants:compileReleaseJavaWithJavac
> Task :expo-constants:bundleLibCompileToJarRelease
> Task :expo-constants:extractReleaseAnnotations
> Task :expo-haptics:bundleLibCompileToJarRelease
> Task :expo-constants:mergeReleaseGeneratedProguardFiles UP-TO-DATE
> Task :expo-constants:mergeReleaseConsumerProguardFiles UP-TO-DATE
> Task :expo-haptics:extractReleaseAnnotations
> Task :expo-haptics:mergeReleaseGeneratedProguardFiles UP-TO-DATE
> Task :expo-constants:mergeReleaseJavaResource
> Task :expo-haptics:mergeReleaseConsumerProguardFiles UP-TO-DATE
> Task :expo-constants:syncReleaseLibJars
> Task :expo-constants:bundleReleaseLocalLintAar
> Task :expo-keep-awake:syncReleaseLibJars
> Task :expo-haptics:mergeReleaseJavaResource
> Task :expo-haptics:syncReleaseLibJars
> Task :expo-haptics:bundleReleaseLocalLintAar
> Task :expo-keep-awake:bundleReleaseLocalLintAar
> Task :expo-modules-core:mergeReleaseConsumerProguardFiles
> Task :expo-modules-core:mergeReleaseShaders
> Task :expo-modules-core:compileReleaseShaders NO-SOURCE
> Task :expo-modules-core:generateReleaseAssets UP-TO-DATE
> Task :expo-modules-core:packageReleaseAssets
> Task :expo-modules-core:prepareLintJarForPublish UP-TO-DATE
> Task :expo-modules-core:prepareReleaseArtProfile UP-TO-DATE
> Task :expo-modules-core:processReleaseJavaRes NO-SOURCE
> Task :expo-modules-core:copyReleaseJniLibsProjectAndLocalJars
> Task :expo-modules-core:writeReleaseAarMetadata
> Task :expo-structured-headers:mergeReleaseJniLibFolders
> Task :expo-structured-headers:mergeReleaseNativeLibs NO-SOURCE
> Task :expo-structured-headers:stripReleaseDebugSymbols NO-SOURCE
> Task :expo-structured-headers:copyReleaseJniLibsProjectAndLocalJars
> Task :expo-structured-headers:extractDeepLinksForAarRelease UP-TO-DATE
> Task :expo-structured-headers:extractReleaseAnnotations
> Task :expo-structured-headers:mergeReleaseGeneratedProguardFiles UP-TO-DATE
> Task :expo-structured-headers:mergeReleaseConsumerProguardFiles UP-TO-DATE
> Task :expo-structured-headers:mergeReleaseShaders
> Task :expo-structured-headers:compileReleaseShaders NO-SOURCE
> Task :expo-structured-headers:generateReleaseAssets UP-TO-DATE
> Task :expo-modules-core:mergeReleaseJavaResource
> Task :expo-structured-headers:packageReleaseAssets
> Task :expo-modules-core:syncReleaseLibJars
> Task :expo-modules-core:bundleReleaseLocalLintAar
> Task :expo-structured-headers:prepareLintJarForPublish UP-TO-DATE
> Task :expo-structured-headers:prepareReleaseArtProfile UP-TO-DATE
> Task :expo-structured-headers:processReleaseJavaRes NO-SOURCE
> Task :expo-structured-headers:writeReleaseAarMetadata
> Task :expo-structured-headers:mergeReleaseJavaResource
> Task :expo-manifests:mergeReleaseJniLibFolders
> Task :expo-structured-headers:syncReleaseLibJars
> Task :expo-structured-headers:bundleReleaseLocalLintAar
> Task :expo-manifests:mergeReleaseNativeLibs NO-SOURCE
> Task :expo-manifests:stripReleaseDebugSymbols NO-SOURCE
> Task :expo-manifests:copyReleaseJniLibsProjectAndLocalJars
> Task :expo-manifests:extractDeepLinksForAarRelease UP-TO-DATE
> Task :expo-manifests:extractReleaseAnnotations
> Task :expo-manifests:mergeReleaseGeneratedProguardFiles UP-TO-DATE
> Task :expo-manifests:mergeReleaseConsumerProguardFiles UP-TO-DATE
> Task :expo-manifests:mergeReleaseShaders
> Task :expo-manifests:compileReleaseShaders NO-SOURCE
> Task :expo-manifests:generateReleaseAssets UP-TO-DATE
> Task :expo-manifests:packageReleaseAssets
> Task :expo-manifests:prepareLintJarForPublish UP-TO-DATE
> Task :expo-manifests:prepareReleaseArtProfile UP-TO-DATE
> Task :expo-manifests:processReleaseJavaRes NO-SOURCE
> Task :expo-manifests:writeReleaseAarMetadata
> Task :expo-manifests:mergeReleaseJavaResource
> Task :expo-json-utils:mergeReleaseJniLibFolders
> Task :expo-manifests:syncReleaseLibJars
> Task :expo-manifests:bundleReleaseLocalLintAar
> Task :expo-json-utils:mergeReleaseNativeLibs NO-SOURCE
> Task :expo-json-utils:stripReleaseDebugSymbols NO-SOURCE
> Task :expo-json-utils:extractDeepLinksForAarRelease UP-TO-DATE
> Task :expo-json-utils:copyReleaseJniLibsProjectAndLocalJars
> Task :expo-json-utils:extractReleaseAnnotations
> Task :expo-json-utils:mergeReleaseGeneratedProguardFiles UP-TO-DATE
> Task :expo-json-utils:mergeReleaseConsumerProguardFiles UP-TO-DATE
> Task :expo-json-utils:mergeReleaseShaders
> Task :expo-json-utils:compileReleaseShaders NO-SOURCE
> Task :expo-json-utils:generateReleaseAssets UP-TO-DATE
> Task :expo-json-utils:packageReleaseAssets
> Task :expo-json-utils:prepareLintJarForPublish UP-TO-DATE
> Task :expo-json-utils:prepareReleaseArtProfile UP-TO-DATE
> Task :expo-json-utils:processReleaseJavaRes NO-SOURCE
> Task :expo-json-utils:writeReleaseAarMetadata
> Task :expo-updates-interface:mergeReleaseJniLibFolders
> Task :expo-updates-interface:mergeReleaseNativeLibs NO-SOURCE
> Task :expo-json-utils:mergeReleaseJavaResource
> Task :expo-updates-interface:stripReleaseDebugSymbols NO-SOURCE
> Task :expo-json-utils:syncReleaseLibJars
> Task :expo-json-utils:bundleReleaseLocalLintAar
> Task :expo-updates-interface:copyReleaseJniLibsProjectAndLocalJars
> Task :expo-updates-interface:extractDeepLinksForAarRelease UP-TO-DATE
> Task :expo-updates-interface:extractReleaseAnnotations
> Task :expo-updates-interface:mergeReleaseGeneratedProguardFiles UP-TO-DATE
> Task :expo-updates-interface:mergeReleaseConsumerProguardFiles UP-TO-DATE
> Task :expo-updates-interface:mergeReleaseShaders
> Task :expo-updates-interface:compileReleaseShaders NO-SOURCE
> Task :expo-updates-interface:generateReleaseAssets UP-TO-DATE
> Task :expo-updates-interface:packageReleaseAssets
> Task :expo-updates-interface:prepareLintJarForPublish UP-TO-DATE
> Task :expo-updates-interface:prepareReleaseArtProfile UP-TO-DATE
> Task :expo-updates-interface:processReleaseJavaRes NO-SOURCE
> Task :expo-updates-interface:writeReleaseAarMetadata
> Task :expo-updates-interface:mergeReleaseJavaResource
> Task :expo-updates-interface:syncReleaseLibJars
> Task :expo-updates-interface:bundleReleaseLocalLintAar
> Task :app:buildCodegenCLI SKIPPED
> Task :app:generateCodegenSchemaFromJavaScript SKIPPED
> Task :app:generateCodegenArtifactsFromSchema SKIPPED
> Task :app:generatePackageList
> Task :app:preBuild
> Task :app:preReleaseBuild
> Task :app:compileReleaseAidl NO-SOURCE
> Task :app:compileReleaseRenderscript NO-SOURCE
> Task :app:generateReleaseBuildConfig
> Task :app:javaPreCompileRelease
> Task :app:checkReleaseAarMetadata
> Task :expo-splash-screen:compileReleaseKotlin

> Task :expo-notifications:compileReleaseKotlin
w: file:///C:/Users/dell/Todoist_local_for_expo/node_modules/expo-notifications/android/src/main/java/expo/modules/notifications/permissions/NotificationPermissionsModule.kt:39:31 Parameter 'permissionsTypes' is never used
w: file:///C:/Users/dell/Todoist_local_for_expo/node_modules/expo-notifications/android/src/main/java/expo/modules/notifications/permissions/NotificationPermissionsModule.kt:63:65 Condition 'notificationManager != null' is always 'true'
w: file:///C:/Users/dell/Todoist_local_for_expo/node_modules/expo-notifications/android/src/main/java/expo/modules/notifications/permissions/NotificationPermissionsModule.kt:100:61 Condition 'notificationManager != null' is always 'true'
w: file:///C:/Users/dell/Todoist_local_for_expo/node_modules/expo-notifications/android/src/main/java/expo/modules/notifications/service/NotificationsService.kt:390:37 'queryBroadcastReceivers(Intent, Int): (Mutable)List<ResolveInfo!>' is deprecated. Deprecated in Java
w: file:///C:/Users/dell/Todoist_local_for_expo/node_modules/expo-notifications/android/src/main/java/expo/modules/notifications/service/NotificationsService.kt:477:34 'getParcelable(String?): T?' is deprecated. Deprecated in Java
w: file:///C:/Users/dell/Todoist_local_for_expo/node_modules/expo-notifications/android/src/main/java/expo/modules/notifications/service/NotificationsService.kt:478:28 'getParcelable(String?): T?' is deprecated. Deprecated in Java
w: file:///C:/Users/dell/Todoist_local_for_expo/node_modules/expo-notifications/android/src/main/java/expo/modules/notifications/service/NotificationsService.kt:502:33 'getParcelableExtra(String!): T?' is deprecated. Deprecated in Java
w: file:///C:/Users/dell/Todoist_local_for_expo/node_modules/expo-notifications/android/src/main/java/expo/modules/notifications/service/NotificationsService.kt:503:27 'getParcelableExtra(String!): T?' is deprecated. Deprecated in Java
w: file:///C:/Users/dell/Todoist_local_for_expo/node_modules/expo-notifications/android/src/main/java/expo/modules/notifications/service/NotificationsService.kt:599:54 'get(String!): Any?' is deprecated. Deprecated in Java
w: file:///C:/Users/dell/Todoist_local_for_expo/node_modules/expo-notifications/android/src/main/java/expo/modules/notifications/service/NotificationsService.kt:661:22 'getParcelable(String?): T?' is deprecated. Deprecated in Java
w: file:///C:/Users/dell/Todoist_local_for_expo/node_modules/expo-notifications/android/src/main/java/expo/modules/notifications/service/NotificationsService.kt:662:22 'getParcelable(String?): T?' is deprecated. Deprecated in Java
w: file:///C:/Users/dell/Todoist_local_for_expo/node_modules/expo-notifications/android/src/main/java/expo/modules/notifications/service/NotificationsService.kt:689:14 'getParcelableExtra(String!): T?' is deprecated. Deprecated in Java
w: file:///C:/Users/dell/Todoist_local_for_expo/node_modules/expo-notifications/android/src/main/java/expo/modules/notifications/service/NotificationsService.kt:719:18 'getParcelableExtra(String!): T?' is deprecated. Deprecated in Java
w: file:///C:/Users/dell/Todoist_local_for_expo/node_modules/expo-notifications/android/src/main/java/expo/modules/notifications/service/NotificationsService.kt:759:22 'getParcelable(String?): T?' is deprecated. Deprecated in Java
w: file:///C:/Users/dell/Todoist_local_for_expo/node_modules/expo-notifications/android/src/main/java/expo/modules/notifications/service/delegates/Base64Serialization.kt:26:45 Returning type parameter has been inferred to Nothing implicitly because Nothing is more specific than specified expected type. Please specify type arguments explicitly in accordance with expected type to hide this warning. Nothing can produce an exception at runtime. See KT-36776 for more details.
w: file:///C:/Users/dell/Todoist_local_for_expo/node_modules/expo-notifications/android/src/main/java/expo/modules/notifications/service/delegates/ExpoHandlingDelegate.kt:63:85 Parameter 'notificationResponse' is never used
w: file:///C:/Users/dell/Todoist_local_for_expo/node_modules/expo-notifications/android/src/main/java/expo/modules/notifications/service/delegates/ExpoHandlingDelegate.kt:93:32 'resolveActivity(Intent, Int): ResolveInfo?' is deprecated. Deprecated in Java
w: file:///C:/Users/dell/Todoist_local_for_expo/node_modules/expo-notifications/android/src/main/java/expo/modules/notifications/service/delegates/ExpoPresentationDelegate.kt:176:70 'priority: Int' is deprecated. Deprecated in Java
w: file:///C:/Users/dell/Todoist_local_for_expo/node_modules/expo-notifications/android/src/main/java/expo/modules/notifications/service/delegates/ExpoPresentationDelegate.kt:177:41 'vibrate: LongArray!' is deprecated. Deprecated in Java
w: file:///C:/Users/dell/Todoist_local_for_expo/node_modules/expo-notifications/android/src/main/java/expo/modules/notifications/service/delegates/ExpoPresentationDelegate.kt:178:30 'sound: Uri!' is deprecated. Deprecated in Java
w: file:///C:/Users/dell/Todoist_local_for_expo/node_modules/expo-notifications/android/src/main/java/expo/modules/notifications/service/delegates/ExpoPresentationDelegate.kt:191:41 'get(String!): Any?' is deprecated. Deprecated in Java
w: file:///C:/Users/dell/Todoist_local_for_expo/node_modules/expo-notifications/android/src/main/java/expo/modules/notifications/service/delegates/ExpoPresentationDelegate.kt:194:124 'get(String!): Any?' is deprecated. Deprecated in Java
w: file:///C:/Users/dell/Todoist_local_for_expo/node_modules/expo-notifications/android/src/main/java/expo/modules/notifications/service/delegates/FirebaseMessagingDelegate.kt:112:30 Unnecessary safe call on a non-null receiver of type (Mutable)Map<String!, String!>

> Task :app:createBundleReleaseJsAndAssets
warning: Bundler cache is empty, rebuilding (this may take a minute)

> Task :expo-splash-screen:compileReleaseKotlin
w: file:///C:/Users/dell/Todoist_local_for_expo/node_modules/expo-splash-screen/android/src/main/java/expo/modules/splashscreen/SplashScreenReactActivityLifecycleListener.kt:15:50 Parameter 'activityContext' is never used
w: file:///C:/Users/dell/Todoist_local_for_expo/node_modules/expo-splash-screen/android/src/main/java/expo/modules/splashscreen/SplashScreenViewController.kt:42:5 Parameter 'failureCallback' is never used
w: file:///C:/Users/dell/Todoist_local_for_expo/node_modules/expo-splash-screen/android/src/main/java/expo/modules/splashscreen/singletons/SplashScreenStatusBar.kt:16:27 'replaceSystemWindowInsets(Int, Int, Int, Int): WindowInsets' is deprecated. Deprecated in Java
w: file:///C:/Users/dell/Todoist_local_for_expo/node_modules/expo-splash-screen/android/src/main/java/expo/modules/splashscreen/singletons/SplashScreenStatusBar.kt:17:29 'getter for systemWindowInsetLeft: Int' is deprecated. Deprecated in Java
w: file:///C:/Users/dell/Todoist_local_for_expo/node_modules/expo-splash-screen/android/src/main/java/expo/modules/splashscreen/singletons/SplashScreenStatusBar.kt:19:29 'getter for systemWindowInsetRight: Int' is deprecated. Deprecated in Java
w: file:///C:/Users/dell/Todoist_local_for_expo/node_modules/expo-splash-screen/android/src/main/java/expo/modules/splashscreen/singletons/SplashScreenStatusBar.kt:20:29 'getter for systemWindowInsetBottom: Int' is deprecated. Deprecated in Java

> Task :app:createBundleReleaseJsAndAssets
info Writing bundle output to:, android\app\build\generated\assets\createBundleReleaseJsAndAssets\index.android.bundle
info Writing sourcemap output to:, android\app\build\intermediates\sourcemaps\react\release\index.android.bundle.packager.map
info Done writing bundle output
info Done writing sourcemap output
android\app\build\generated\assets\createBundleReleaseJsAndAssets\index.android.bundle
:2573:18: warning: the variable "DebuggerInternal" was not declared in function 
"__shouldPauseOnThrow"
          typeof DebuggerInternal !== 'undefined' &&
                 ^~~~~~~~~~~~~~~~
android\app\build\generated\assets\createBundleReleaseJsAndAssets\index.android.bundle
:11344:7: warning: the variable "setTimeout" was not declared in function 
"logCapturedError"
      setTimeout(function () {
      ^~~~~~~~~~
android\app\build\generated\assets\createBundleReleaseJsAndAssets\index.android.bundle
:9304:108: warning: the variable "nativeFabricUIManager" was not declared in function 
"onChange"
...lInstanceHandle ? (from && nativeFabricUIManager.setIsJSResponder(from.sta...
                              ^~~~~~~~~~~~~~~~~~~~~
android\app\build\generated\assets\createBundleReleaseJsAndAssets\index.android.bundle
:9925:21: warning: the variable "clearTimeout" was not declared in anonymous function 
" 262#"
    cancelTimeout = clearTimeout;
                    ^~~~~~~~~~~~
android\app\build\generated\assets\createBundleReleaseJsAndAssets\index.android.bundle
:13675:30: warning: the variable "__REACT_DEVTOOLS_GLOBAL_HOOK__" was not declared in 
anonymous function " 262#"
  if ("undefined" !== typeof __REACT_DEVTOOLS_GLOBAL_HOOK__) {
                             ^~~~~~~~~~~~~~~~~~~~~~~~~~~~~~
android\app\build\generated\assets\createBundleReleaseJsAndAssets\index.android.bundle
:15537:5: warning: the variable "setImmediate" was not declared in function 
"handleResolved"
    setImmediate(function () {
    ^~~~~~~~~~~~
android\app\build\generated\assets\createBundleReleaseJsAndAssets\index.android.bundle
:19680:12: warning: the variable "fetch" was not declared in anonymous function " 
500#"
    fetch: fetch,
           ^~~~~
android\app\build\generated\assets\createBundleReleaseJsAndAssets\index.android.bundle
:19681:14: warning: the variable "Headers" was not declared in anonymous function " 
500#"
    Headers: Headers,
             ^~~~~~~
android\app\build\generated\assets\createBundleReleaseJsAndAssets\index.android.bundle
:19682:14: warning: the variable "Request" was not declared in anonymous function " 
500#"
    Request: Request,
             ^~~~~~~
android\app\build\generated\assets\createBundleReleaseJsAndAssets\index.android.bundle
:19683:15: warning: the variable "Response" was not declared in anonymous function " 
500#"
    Response: Response
              ^~~~~~~~
android\app\build\generated\assets\createBundleReleaseJsAndAssets\index.android.bundle
:19840:24: warning: the variable "FileReader" was not declared in function 
"readBlobAsArrayBuffer"
      var reader = new FileReader();
                       ^~~~~~~~~~
android\app\build\generated\assets\createBundleReleaseJsAndAssets\index.android.bundle
:19891:36: warning: the variable "Blob" was not declared in anonymous function " 511#"
        } else if (support.blob && Blob.prototype.isPrototypeOf(body)) {
                                   ^~~~
android\app\build\generated\assets\createBundleReleaseJsAndAssets\index.android.bundle
:19893:40: warning: the variable "FormData" was not declared in anonymous function " 
511#"
        } else if (support.formData && FormData.prototype.isPrototypeOf(body)) {
                                       ^~~~~~~~
android\app\build\generated\assets\createBundleReleaseJsAndAssets\index.android.bundle
:19895:44: warning: the variable "URLSearchParams" was not declared in anonymous 
function " 511#"
...e if (support.searchParams && URLSearchParams.prototype.isPrototypeOf(body...
                                 ^~~~~~~~~~~~~~~
android\app\build\generated\assets\createBundleReleaseJsAndAssets\index.android.bundle
:20014:26: warning: the variable "AbortController" was not declared in anonymous 
function " 517#"
          var ctrl = new AbortController();
                         ^~~~~~~~~~~~~~~
android\app\build\generated\assets\createBundleReleaseJsAndAssets\index.android.bundle
:20148:23: warning: the variable "XMLHttpRequest" was not declared in anonymous 
function " 521#"
        var xhr = new XMLHttpRequest();
                      ^~~~~~~~~~~~~~
android\app\build\generated\assets\createBundleReleaseJsAndAssets\index.android.bundle
:19693:71: warning: the variable "self" was not declared in anonymous function " 503#"
...undefined' && globalThis || typeof self !== 'undefined' && self ||
                                      ^~~~
android\app\build\generated\assets\createBundleReleaseJsAndAssets\index.android.bundle
:24457:27: warning: the variable "performance" was not declared in anonymous function 
" 710#"
  if ("object" === typeof performance && "function" === typeof performance.no...
                          ^~~~~~~~~~~
android\app\build\generated\assets\createBundleReleaseJsAndAssets\index.android.bundle
:24480:26: warning: the variable "navigator" was not declared in anonymous function " 
710#"
  "undefined" !== typeof navigator && undefined !== navigator.scheduling && u...
                         ^~~~~~~~~
android\app\build\generated\assets\createBundleReleaseJsAndAssets\index.android.bundle
:24590:37: warning: the variable "MessageChannel" was not declared in anonymous 
function " 710#"
  };else if ("undefined" !== typeof MessageChannel) {
                                    ^~~~~~~~~~~~~~
android\app\build\generated\assets\createBundleReleaseJsAndAssets\index.android.bundle
:24605:34: warning: the variable "nativeRuntimeScheduler" was not declared in 
anonymous function " 710#"
... = "undefined" !== typeof nativeRuntimeScheduler ? nativeRuntimeScheduler....
                             ^~~~~~~~~~~~~~~~~~~~~~
android\app\build\generated\assets\createBundleReleaseJsAndAssets\index.android.bundle
:36472:34: warning: the variable "requestAnimationFrame" was not declared in function 
"start 9#"
...    this._animationFrame = requestAnimationFrame(this.onUpdate.bind(this));
                              ^~~~~~~~~~~~~~~~~~~~~
android\app\build\generated\assets\createBundleReleaseJsAndAssets\index.android.bundle
:62644:38: warning: the variable "SharedArrayBuffer" was not declared in anonymous 
function " 1987#"
...aredArrayBufferCopy = typeof SharedArrayBuffer !== 'undefined' ? SharedArr...
                                ^~~~~~~~~~~~~~~~~
android\app\build\generated\assets\createBundleReleaseJsAndAssets\index.android.bundle
:62905:25: warning: the variable "Atomics" was not declared in anonymous function " 
1994#"
    '%Atomics%': typeof Atomics === 'undefined' ? undefined : Atomics,
                        ^~~~~~~
android\app\build\generated\assets\createBundleReleaseJsAndAssets\index.android.bundle
:62920:30: warning: the variable "Float16Array" was not declared in anonymous 
function " 1994#"
    '%Float16Array%': typeof Float16Array === 'undefined' ? undefined : Float...
                             ^~~~~~~~~~~~
android\app\build\generated\assets\createBundleReleaseJsAndAssets\index.android.bundle
:62923:38: warning: the variable "FinalizationRegistry" was not declared in anonymous 
function " 1994#"
...lizationRegistry%': typeof FinalizationRegistry === 'undefined' ? undefine...
                              ^~~~~~~~~~~~~~~~~~~~
android\app\build\generated\assets\createBundleReleaseJsAndAssets\index.android.bundle
:62963:25: warning: the variable "WeakRef" was not declared in anonymous function " 
1994#"
    '%WeakRef%': typeof WeakRef === 'undefined' ? undefined : WeakRef,
                        ^~~~~~~
android\app\build\generated\assets\createBundleReleaseJsAndAssets\index.android.bundle
:63917:14: warning: the variable "document" was not declared in anonymous function " 
2039#"
  if (typeof document === 'object') {
             ^~~~~~~~
android\app\build\generated\assets\createBundleReleaseJsAndAssets\index.android.bundle
:72339:29: warning: the variable "IDBDatabase" was not declared in function 
"getMethod"
    if (!(target instanceof IDBDatabase && !(prop in target) && typeof prop =...
                            ^~~~~~~~~~~
android\app\build\generated\assets\createBundleReleaseJsAndAssets\index.android.bundle
:72348:37: warning: the variable "IDBIndex" was not declared in function "getMethod"
    !(targetFuncName in (useIndex ? IDBIndex : IDBObjectStore).prototype) || ...
                                    ^~~~~~~~
android\app\build\generated\assets\createBundleReleaseJsAndAssets\index.android.bundle
:72348:48: warning: the variable "IDBObjectStore" was not declared in function 
"getMethod"
...ame in (useIndex ? IDBIndex : IDBObjectStore).prototype) || !(isWrite || r...
                                 ^~~~~~~~~~~~~~
android\app\build\generated\assets\createBundleReleaseJsAndAssets\index.android.bundle
:72402:94: warning: the variable "IDBCursor" was not declared in function 
"getIdbProxyableTypes"
...abase, IDBObjectStore, IDBIndex, IDBCursor, IDBTransaction]);
                                    ^~~~~~~~~
android\app\build\generated\assets\createBundleReleaseJsAndAssets\index.android.bundle
:72402:105: warning: the variable "IDBTransaction" was not declared in function 
"getIdbProxyableTypes"
...ctStore, IDBIndex, IDBCursor, IDBTransaction]);
                                 ^~~~~~~~~~~~~~
android\app\build\generated\assets\createBundleReleaseJsAndAssets\index.android.bundle
:72457:32: warning: the variable "DOMException" was not declared in function "error 
3#"
        reject(tx.error || new DOMException('AbortError', 'AbortError'));
                               ^~~~~~~~~~~~
android\app\build\generated\assets\createBundleReleaseJsAndAssets\index.android.bundle
:72549:26: warning: the variable "IDBRequest" was not declared in function "wrap 1#"
    if (value instanceof IDBRequest) return promisifyRequest(value);
                         ^~~~~~~~~~

> Task :expo-file-system:compileReleaseJavaWithJavac
> Task :expo-file-system:bundleLibCompileToJarRelease

> Task :expo-notifications:compileReleaseJavaWithJavac
Note: Some input files use or override a deprecated API.
Note: Recompile with -Xlint:deprecation for details.
Note: Some input files use unchecked or unsafe operations.
Note: Recompile with -Xlint:unchecked for details.

> Task :expo-notifications:bundleLibCompileToJarRelease
> Task :expo-splash-screen:compileReleaseJavaWithJavac
> Task :expo-splash-screen:bundleLibCompileToJarRelease
> Task :expo-file-system:extractReleaseAnnotations
> Task :expo-file-system:mergeReleaseGeneratedProguardFiles UP-TO-DATE
> Task :expo-file-system:mergeReleaseConsumerProguardFiles UP-TO-DATE
> Task :expo-file-system:mergeReleaseJavaResource
> Task :expo-notifications:extractReleaseAnnotations
> Task :expo-file-system:syncReleaseLibJars
> Task :expo-file-system:bundleReleaseLocalLintAar
> Task :expo-notifications:mergeReleaseGeneratedProguardFiles UP-TO-DATE
> Task :expo-notifications:mergeReleaseConsumerProguardFiles UP-TO-DATE
> Task :expo-notifications:mergeReleaseJavaResource
> Task :expo-splash-screen:extractReleaseAnnotations
> Task :expo-notifications:syncReleaseLibJars
> Task :expo-notifications:bundleReleaseLocalLintAar
> Task :expo-splash-screen:mergeReleaseGeneratedProguardFiles UP-TO-DATE
> Task :expo-splash-screen:mergeReleaseConsumerProguardFiles UP-TO-DATE
> Task :expo-splash-screen:mergeReleaseJavaResource
> Task :app:generateReleaseResValues
> Task :expo-splash-screen:syncReleaseLibJars
> Task :expo-splash-screen:bundleReleaseLocalLintAar
> Task :app:mapReleaseSourceSetPaths
> Task :app:generateReleaseResources
> Task :app:createReleaseCompatibleScreenManifests UP-TO-DATE
> Task :app:extractDeepLinksRelease UP-TO-DATE
> Task :expo:extractDeepLinksRelease UP-TO-DATE
> Task :expo-application:extractDeepLinksRelease UP-TO-DATE
> Task :expo-constants:extractDeepLinksRelease UP-TO-DATE
> Task :expo-eas-client:extractDeepLinksRelease UP-TO-DATE
> Task :expo-file-system:extractDeepLinksRelease UP-TO-DATE
> Task :expo-font:extractDeepLinksRelease UP-TO-DATE
> Task :expo-haptics:extractDeepLinksRelease UP-TO-DATE
> Task :expo-json-utils:extractDeepLinksRelease UP-TO-DATE
> Task :expo-keep-awake:extractDeepLinksRelease UP-TO-DATE
> Task :expo-manifests:extractDeepLinksRelease UP-TO-DATE
> Task :expo-modules-core:extractDeepLinksRelease
> Task :expo-notifications:extractDeepLinksRelease
> Task :expo-splash-screen:extractDeepLinksRelease
> Task :expo-structured-headers:extractDeepLinksRelease
> Task :expo-updates:extractDeepLinksRelease
> Task :expo-updates-interface:extractDeepLinksRelease
> Task :react-native-gesture-handler:extractDeepLinksRelease
> Task :app:mergeReleaseResources
> Task :expo-updates:kaptReleaseKotlin

> Task :app:processReleaseMainManifest
C:\Users\dell\Todoist_local_for_expo\android\app\src\main\AndroidManifest.xml:21:9-30:20 Warning:
	provider#expo.modules.filesystem.FileSystemFileProvider@android:authorities was tagged at AndroidManifest.xml:21 to replace other declarations but no other declaration present

> Task :app:processReleaseManifest
> Task :expo:compileReleaseLibraryResources
> Task :expo-application:compileReleaseLibraryResources
> Task :expo-constants:compileReleaseLibraryResources
> Task :expo-eas-client:compileReleaseLibraryResources
> Task :expo-file-system:compileReleaseLibraryResources
> Task :expo-font:compileReleaseLibraryResources
> Task :expo-haptics:compileReleaseLibraryResources
> Task :expo-json-utils:compileReleaseLibraryResources
> Task :expo-keep-awake:compileReleaseLibraryResources
> Task :expo-manifests:compileReleaseLibraryResources
> Task :expo-modules-core:compileReleaseLibraryResources
> Task :expo-notifications:compileReleaseLibraryResources
> Task :app:processReleaseManifestForPackage
> Task :expo-splash-screen:compileReleaseLibraryResources
> Task :expo-structured-headers:compileReleaseLibraryResources
> Task :expo-updates:compileReleaseLibraryResources
> Task :expo-updates-interface:compileReleaseLibraryResources
> Task :react-native-gesture-handler:compileReleaseLibraryResources
> Task :react-native-gesture-handler:bundleLibCompileToJarRelease
> Task :app:extractProguardFiles
> Task :expo:writeReleaseLintModelMetadata
> Task :expo-application:bundleLibResRelease
> Task :expo-application:writeReleaseLintModelMetadata
> Task :expo-application:bundleLibRuntimeToJarRelease
> Task :expo-constants:bundleLibResRelease
> Task :expo-application:createFullJarRelease
> Task :expo-constants:writeReleaseLintModelMetadata
> Task :expo-constants:bundleLibRuntimeToJarRelease
> Task :expo-eas-client:bundleLibResRelease
> Task :expo-eas-client:writeReleaseLintModelMetadata
> Task :expo-eas-client:bundleLibRuntimeToJarRelease
> Task :expo-constants:createFullJarRelease
> Task :expo-eas-client:createFullJarRelease
> Task :expo-file-system:bundleLibResRelease
> Task :expo-file-system:writeReleaseLintModelMetadata
> Task :expo-font:bundleLibResRelease
> Task :expo-font:writeReleaseLintModelMetadata
> Task :expo-font:bundleLibRuntimeToJarRelease
> Task :expo-haptics:bundleLibResRelease
> Task :expo-font:createFullJarRelease
> Task :expo-haptics:writeReleaseLintModelMetadata
> Task :expo-json-utils:bundleLibResRelease
> Task :expo-haptics:bundleLibRuntimeToJarRelease
> Task :expo-json-utils:bundleLibRuntimeToJarRelease
> Task :expo-json-utils:writeReleaseLintModelMetadata
> Task :expo-haptics:createFullJarRelease
> Task :expo-json-utils:createFullJarRelease
> Task :expo-keep-awake:bundleLibResRelease
> Task :expo-keep-awake:writeReleaseLintModelMetadata
> Task :expo-keep-awake:bundleLibRuntimeToJarRelease
> Task :expo-manifests:bundleLibResRelease
> Task :expo-keep-awake:createFullJarRelease
> Task :expo-manifests:writeReleaseLintModelMetadata
> Task :expo-manifests:bundleLibRuntimeToJarRelease
> Task :expo-manifests:createFullJarRelease
> Task :expo-modules-core:writeReleaseLintModelMetadata
> Task :expo-notifications:bundleLibResRelease
> Task :expo-modules-core:bundleLibResRelease
> Task :expo-notifications:writeReleaseLintModelMetadata
> Task :expo-splash-screen:bundleLibResRelease
> Task :expo-splash-screen:bundleLibRuntimeToJarRelease
> Task :expo-splash-screen:createFullJarRelease
> Task :expo-splash-screen:writeReleaseLintModelMetadata
> Task :expo-structured-headers:bundleLibResRelease NO-SOURCE
> Task :expo-structured-headers:bundleLibRuntimeToJarRelease
> Task :expo-structured-headers:createFullJarRelease
> Task :expo-structured-headers:writeReleaseLintModelMetadata
> Task :expo-updates:writeReleaseLintModelMetadata
> Task :expo-updates-interface:bundleLibResRelease NO-SOURCE
> Task :expo-updates-interface:bundleLibRuntimeToJarRelease
> Task :expo-updates-interface:createFullJarRelease
> Task :expo-updates-interface:writeReleaseLintModelMetadata
> Task :react-native-gesture-handler:bundleLibResRelease
> Task :expo-file-system:bundleLibRuntimeToJarRelease
> Task :expo-file-system:createFullJarRelease
> Task :react-native-gesture-handler:writeReleaseLintModelMetadata
> Task :app:writeReleaseApplicationId UP-TO-DATE
> Task :app:analyticsRecordingRelease
> Task :app:mergeReleaseJniLibFolders
> Task :expo:copyReleaseJniLibsProjectOnly
> Task :expo-application:copyReleaseJniLibsProjectOnly
> Task :expo-constants:copyReleaseJniLibsProjectOnly
> Task :expo-eas-client:copyReleaseJniLibsProjectOnly
> Task :expo-file-system:copyReleaseJniLibsProjectOnly
> Task :expo-font:copyReleaseJniLibsProjectOnly
> Task :expo-haptics:copyReleaseJniLibsProjectOnly
> Task :expo-json-utils:copyReleaseJniLibsProjectOnly
> Task :react-native-gesture-handler:bundleLibRuntimeToJarRelease
> Task :expo-keep-awake:copyReleaseJniLibsProjectOnly
> Task :react-native-gesture-handler:createFullJarRelease
> Task :expo-manifests:copyReleaseJniLibsProjectOnly
> Task :expo-notifications:bundleLibRuntimeToJarRelease
> Task :expo-notifications:createFullJarRelease
> Task :expo-notifications:copyReleaseJniLibsProjectOnly
> Task :expo-splash-screen:copyReleaseJniLibsProjectOnly
> Task :expo-structured-headers:copyReleaseJniLibsProjectOnly
> Task :expo-updates:copyReleaseJniLibsProjectOnly
> Task :expo-updates-interface:copyReleaseJniLibsProjectOnly
> Task :react-native-gesture-handler:copyReleaseJniLibsProjectOnly
> Task :expo-modules-core:copyReleaseJniLibsProjectOnly
> Task :app:checkReleaseDuplicateClasses
> Task :expo-modules-core:bundleLibRuntimeToJarRelease
> Task :app:desugarReleaseFileDependencies
> Task :expo-modules-core:createFullJarRelease
> Task :app:mergeReleaseNativeLibs
> Task :app:processReleaseResources
> Task :expo-updates:compileReleaseKotlin
> Task :app:mergeExtDexRelease
> Task :app:stripReleaseDebugSymbols
> Task :app:mergeReleaseShaders
> Task :app:compileReleaseShaders NO-SOURCE
> Task :app:extractReleaseNativeSymbolTables
> Task :app:mergeReleaseArtProfile
> Task :app:createReleaseExpoManifest

> Task :expo-updates:compileReleaseKotlin
w: file:///C:/Users/dell/Todoist_local_for_expo/node_modules/expo-updates/android/src/main/java/expo/modules/updates/UpdatesConfiguration.kt:140:27 'getApplicationInfo(String, Int): ApplicationInfo' is deprecated. Deprecated in Java
w: file:///C:/Users/dell/Todoist_local_for_expo/node_modules/expo-updates/android/src/main/java/expo/modules/updates/UpdatesConfiguration.kt:148:13 'get(String!): Any?' is deprecated. Deprecated in Java
w: file:///C:/Users/dell/Todoist_local_for_expo/node_modules/expo-updates/android/src/main/java/expo/modules/updates/UpdatesController.kt:5:19 'AsyncTask<Params : Any!, Progress : Any!, Result : Any!>' is deprecated. Deprecated in Java
w: file:///C:/Users/dell/Todoist_local_for_expo/node_modules/expo-updates/android/src/main/java/expo/modules/updates/UpdatesController.kt:153:20 This class shouldn't be used in Kotlin. Use kotlin.Any instead.
w: file:///C:/Users/dell/Todoist_local_for_expo/node_modules/expo-updates/android/src/main/java/expo/modules/updates/UpdatesController.kt:404:14 This class shouldn't be used in Kotlin. Use kotlin.Any instead.
w: file:///C:/Users/dell/Todoist_local_for_expo/node_modules/expo-updates/android/src/main/java/expo/modules/updates/UpdatesController.kt:484:5 'AsyncTask<Params : Any!, Progress : Any!, Result : Any!>' is deprecated. Deprecated in Java
w: file:///C:/Users/dell/Todoist_local_for_expo/node_modules/expo-updates/android/src/main/java/expo/modules/updates/UpdatesController.kt:484:15 'execute(Runnable!): Unit' is deprecated. Deprecated in Java
w: file:///C:/Users/dell/Todoist_local_for_expo/node_modules/expo-updates/android/src/main/java/expo/modules/updates/UpdatesDevLauncherController.kt:108:146 'getRawJson(): JSONObject' is deprecated. Prefer to use specific field getters
w: file:///C:/Users/dell/Todoist_local_for_expo/node_modules/expo-updates/android/src/main/java/expo/modules/updates/UpdatesModule.kt:4:19 'AsyncTask<Params : Any!, Progress : Any!, Result : Any!>' is deprecated. Deprecated in Java
w: file:///C:/Users/dell/Todoist_local_for_expo/node_modules/expo-updates/android/src/main/java/expo/modules/updates/UpdatesModule.kt:149:7 'AsyncTask<Params : Any!, Progress : Any!, Result : Any!>' is deprecated. Deprecated in Java
w: file:///C:/Users/dell/Todoist_local_for_expo/node_modules/expo-updates/android/src/main/java/expo/modules/updates/UpdatesModule.kt:149:17 'execute(Runnable!): Unit' is deprecated. Deprecated in Java
w: file:///C:/Users/dell/Todoist_local_for_expo/node_modules/expo-updates/android/src/main/java/expo/modules/updates/UpdatesModule.kt:201:80 'toString(): String' is deprecated. Prefer to use specific field getters
w: file:///C:/Users/dell/Todoist_local_for_expo/node_modules/expo-updates/android/src/main/java/expo/modules/updates/UpdatesModule.kt:205:45 'getRawJson(): JSONObject' is deprecated. Prefer to use specific field getters
w: file:///C:/Users/dell/Todoist_local_for_expo/node_modules/expo-updates/android/src/main/java/expo/modules/updates/UpdatesModule.kt:219:80 'toString(): String' is deprecated. Prefer to use specific field getters
w: file:///C:/Users/dell/Todoist_local_for_expo/node_modules/expo-updates/android/src/main/java/expo/modules/updates/UpdatesModule.kt:223:45 'getRawJson(): JSONObject' is deprecated. Prefer to use specific field getters
w: file:///C:/Users/dell/Todoist_local_for_expo/node_modules/expo-updates/android/src/main/java/expo/modules/updates/UpdatesModule.kt:258:7 'AsyncTask<Params : Any!, Progress : Any!, Result : Any!>' is deprecated. Deprecated in Java
w: file:///C:/Users/dell/Todoist_local_for_expo/node_modules/expo-updates/android/src/main/java/expo/modules/updates/UpdatesModule.kt:258:17 'execute(Runnable!): Unit' is deprecated. Deprecated in Java
w: file:///C:/Users/dell/Todoist_local_for_expo/node_modules/expo-updates/android/src/main/java/expo/modules/updates/UpdatesModule.kt:334:66 No cast needed
w: file:///C:/Users/dell/Todoist_local_for_expo/node_modules/expo-updates/android/src/main/java/expo/modules/updates/UpdatesModule.kt:369:5 'AsyncTask<Params : Any!, Progress : Any!, Result : Any!>' is deprecated. Deprecated in Java
w: file:///C:/Users/dell/Todoist_local_for_expo/node_modules/expo-updates/android/src/main/java/expo/modules/updates/UpdatesModule.kt:369:15 'execute(Runnable!): Unit' is deprecated. Deprecated in Java
w: file:///C:/Users/dell/Todoist_local_for_expo/node_modules/expo-updates/android/src/main/java/expo/modules/updates/UpdatesModule.kt:410:5 'AsyncTask<Params : Any!, Progress : Any!, Result : Any!>' is deprecated. Deprecated in Java
w: file:///C:/Users/dell/Todoist_local_for_expo/node_modules/expo-updates/android/src/main/java/expo/modules/updates/UpdatesModule.kt:410:15 'execute(Runnable!): Unit' is deprecated. Deprecated in Java
w: file:///C:/Users/dell/Todoist_local_for_expo/node_modules/expo-updates/android/src/main/java/expo/modules/updates/UpdatesModule.kt:433:5 'AsyncTask<Params : Any!, Progress : Any!, Result : Any!>' is deprecated. Deprecated in Java
w: file:///C:/Users/dell/Todoist_local_for_expo/node_modules/expo-updates/android/src/main/java/expo/modules/updates/UpdatesModule.kt:433:15 'execute(Runnable!): Unit' is deprecated. Deprecated in Java
w: file:///C:/Users/dell/Todoist_local_for_expo/node_modules/expo-updates/android/src/main/java/expo/modules/updates/UpdatesModule.kt:462:5 'AsyncTask<Params : Any!, Progress : Any!, Result : Any!>' is deprecated. Deprecated in Java
w: file:///C:/Users/dell/Todoist_local_for_expo/node_modules/expo-updates/android/src/main/java/expo/modules/updates/UpdatesModule.kt:462:15 'execute(Runnable!): Unit' is deprecated. Deprecated in Java
w: file:///C:/Users/dell/Todoist_local_for_expo/node_modules/expo-updates/android/src/main/java/expo/modules/updates/UpdatesPackage.kt:115:21 'getApplicationInfo(String, Int): ApplicationInfo' is deprecated. Deprecated in Java
w: file:///C:/Users/dell/Todoist_local_for_expo/node_modules/expo-updates/android/src/main/java/expo/modules/updates/UpdatesUtils.kt:5:19 'AsyncTask<Params : Any!, Progress : Any!, Result : Any!>' is deprecated. Deprecated in Java
w: file:///C:/Users/dell/Todoist_local_for_expo/node_modules/expo-updates/android/src/main/java/expo/modules/updates/UpdatesUtils.kt:170:7 'AsyncTask<Params : Any!, Progress : Any!, Result : Any!>' is deprecated. Deprecated in Java
w: file:///C:/Users/dell/Todoist_local_for_expo/node_modules/expo-updates/android/src/main/java/expo/modules/updates/UpdatesUtils.kt:170:17 'execute(Runnable!): Unit' is deprecated. Deprecated in Java
w: file:///C:/Users/dell/Todoist_local_for_expo/node_modules/expo-updates/android/src/main/java/expo/modules/updates/db/Converters.kt:56:30 Type mismatch: inferred type is ByteArray? but ByteArray was expected
w: file:///C:/Users/dell/Todoist_local_for_expo/node_modules/expo-updates/android/src/main/java/expo/modules/updates/db/Converters.kt:98:21 Parameter 'value' is never used
w: file:///C:/Users/dell/Todoist_local_for_expo/node_modules/expo-updates/android/src/main/java/expo/modules/updates/db/Converters.kt:103:21 Parameter 'hashType' is never used
w: file:///C:/Users/dell/Todoist_local_for_expo/node_modules/expo-updates/android/src/main/java/expo/modules/updates/db/DatabaseHolder.kt:24:20 This class shouldn't be used in Kotlin. Use kotlin.Any instead.
w: file:///C:/Users/dell/Todoist_local_for_expo/node_modules/expo-updates/android/src/main/java/expo/modules/updates/db/DatabaseHolder.kt:36:14 This class shouldn't be used in Kotlin. Use kotlin.Any instead.
w: file:///C:/Users/dell/Todoist_local_for_expo/node_modules/expo-updates/android/src/main/java/expo/modules/updates/db/DatabaseIntegrityCheck.kt:38:39 Type mismatch: inferred type is String? but String was expected
w: file:///C:/Users/dell/Todoist_local_for_expo/node_modules/expo-updates/android/src/main/java/expo/modules/updates/db/Reaper.kt:50:41 Type mismatch: inferred type is String? but String was expected
w: file:///C:/Users/dell/Todoist_local_for_expo/node_modules/expo-updates/android/src/main/java/expo/modules/updates/db/Reaper.kt:68:41 Type mismatch: inferred type is String? but String was expected
w: file:///C:/Users/dell/Todoist_local_for_expo/node_modules/expo-updates/android/src/main/java/expo/modules/updates/errorrecovery/ErrorRecoveryHandler.kt:113:7 'when' is exhaustive so 'else' is redundant here
w: file:///C:/Users/dell/Todoist_local_for_expo/node_modules/expo-updates/android/src/main/java/expo/modules/updates/launcher/DatabaseLauncher.kt:153:44 Type mismatch: inferred type is String? but String was expected
w: file:///C:/Users/dell/Todoist_local_for_expo/node_modules/expo-updates/android/src/main/java/expo/modules/updates/launcher/DatabaseLauncher.kt:202:57 Type mismatch: inferred type is String? but String was expected
w: file:///C:/Users/dell/Todoist_local_for_expo/node_modules/expo-updates/android/src/main/java/expo/modules/updates/launcher/NoDatabaseLauncher.kt:4:19 'AsyncTask<Params : Any!, Progress : Any!, Result : Any!>' is deprecated. Deprecated in Java
w: file:///C:/Users/dell/Todoist_local_for_expo/node_modules/expo-updates/android/src/main/java/expo/modules/updates/launcher/NoDatabaseLauncher.kt:86:7 'AsyncTask<Params : Any!, Progress : Any!, Result : Any!>' is deprecated. Deprecated in Java
w: file:///C:/Users/dell/Todoist_local_for_expo/node_modules/expo-updates/android/src/main/java/expo/modules/updates/launcher/NoDatabaseLauncher.kt:86:17 'execute(Runnable!): Unit' is deprecated. Deprecated in Java
w: file:///C:/Users/dell/Todoist_local_for_expo/node_modules/expo-updates/android/src/main/java/expo/modules/updates/loader/FileDownloader.kt:204:27 'constructor MultipartStream(InputStream!, ByteArray!)' is deprecated. Deprecated in Java
w: file:///C:/Users/dell/Todoist_local_for_expo/node_modules/expo-updates/android/src/main/java/expo/modules/updates/loader/Loader.kt:238:15 Type mismatch: inferred type is String? but String was expected
w: file:///C:/Users/dell/Todoist_local_for_expo/node_modules/expo-updates/android/src/main/java/expo/modules/updates/loader/Loader.kt:274:7 'when' is exhaustive so 'else' is redundant here
w: file:///C:/Users/dell/Todoist_local_for_expo/node_modules/expo-updates/android/src/main/java/expo/modules/updates/loader/Loader.kt:295:65 Type mismatch: inferred type is String? but String was expected
w: file:///C:/Users/dell/Todoist_local_for_expo/node_modules/expo-updates/android/src/main/java/expo/modules/updates/loader/LoaderTask.kt:4:19 'AsyncTask<Params : Any!, Progress : Any!, Result : Any!>' is deprecated. Deprecated in Java
w: file:///C:/Users/dell/Todoist_local_for_expo/node_modules/expo-updates/android/src/main/java/expo/modules/updates/loader/LoaderTask.kt:311:5 'AsyncTask<Params : Any!, Progress : Any!, Result : Any!>' is deprecated. Deprecated in Java
w: file:///C:/Users/dell/Todoist_local_for_expo/node_modules/expo-updates/android/src/main/java/expo/modules/updates/loader/LoaderTask.kt:311:15 'execute(Runnable!): Unit' is deprecated. Deprecated in Java
w: file:///C:/Users/dell/Todoist_local_for_expo/node_modules/expo-updates/android/src/main/java/expo/modules/updates/loader/LoaderTask.kt:364:113 'getRawJson(): JSONObject' is deprecated. Prefer to use specific field getters
w: file:///C:/Users/dell/Todoist_local_for_expo/node_modules/expo-updates/android/src/main/java/expo/modules/updates/loader/LoaderTask.kt:498:5 'AsyncTask<Params : Any!, Progress : Any!, Result : Any!>' is deprecated. Deprecated in Java
w: file:///C:/Users/dell/Todoist_local_for_expo/node_modules/expo-updates/android/src/main/java/expo/modules/updates/loader/LoaderTask.kt:498:15 'execute(Runnable!): Unit' is deprecated. Deprecated in Java
w: file:///C:/Users/dell/Todoist_local_for_expo/node_modules/expo-updates/android/src/main/java/expo/modules/updates/manifest/LegacyUpdateManifest.kt:38:53 'getRawJson(): JSONObject' is deprecated. Prefer to use specific field getters
w: file:///C:/Users/dell/Todoist_local_for_expo/node_modules/expo-updates/android/src/main/java/expo/modules/updates/manifest/NewUpdateManifest.kt:35:50 'getRawJson(): JSONObject' is deprecated. Prefer to use specific field getters
w: file:///C:/Users/dell/Todoist_local_for_expo/node_modules/expo-updates/android/src/main/java/expo/modules/updates/manifest/NewUpdateManifest.kt:102:63 Elvis operator (?:) always returns the left operand of non-nullable type Date

> Task :expo-updates:compileReleaseJavaWithJavac
> Task :expo-updates:extractReleaseAnnotations
> Task :expo-updates:bundleLibCompileToJarRelease
> Task :expo-updates:mergeReleaseGeneratedProguardFiles UP-TO-DATE
> Task :expo-updates:mergeReleaseConsumerProguardFiles
> Task :expo-updates:bundleLibResRelease
> Task :app:generateReleaseAssets UP-TO-DATE
> Task :expo-updates:mergeReleaseJavaResource
> Task :expo-updates:bundleLibRuntimeToJarRelease
> Task :app:mergeReleaseAssets
> Task :app:mergeReleaseNativeDebugMetadata
> Task :expo-updates:syncReleaseLibJars
> Task :expo-updates:bundleReleaseLocalLintAar
> Task :expo-updates:createFullJarRelease
> Task :app:processReleaseJavaRes NO-SOURCE
> Task :app:compressReleaseAssets
> Task :app:collectReleaseDependencies
> Task :app:sdkReleaseDependencyData
> Task :app:validateSigningRelease
> Task :app:writeReleaseAppMetadata
> Task :app:writeReleaseSigningConfigVersions
> Task :expo:mapReleaseSourceSetPaths
> Task :expo:mergeReleaseResources
> Task :expo-application:bundleReleaseAar
> Task :expo-application:mapReleaseSourceSetPaths
> Task :expo-application:mergeReleaseResources
> Task :expo-constants:bundleReleaseAar
> Task :expo-constants:mapReleaseSourceSetPaths
> Task :expo:compileReleaseKotlin
> Task :expo:verifyReleaseResources
> Task :app:optimizeReleaseResources
> Task :expo-constants:mergeReleaseResources
> Task :expo-eas-client:bundleReleaseAar
> Task :expo-eas-client:mapReleaseSourceSetPaths
> Task :expo-application:verifyReleaseResources
> Task :expo-eas-client:mergeReleaseResources
> Task :expo-application:assembleRelease
> Task :expo-file-system:bundleReleaseAar
> Task :expo-file-system:mapReleaseSourceSetPaths
> Task :expo-constants:verifyReleaseResources
> Task :expo-file-system:mergeReleaseResources
> Task :expo:extractReleaseAnnotations
> Task :expo-eas-client:verifyReleaseResources
> Task :expo:compileReleaseJavaWithJavac
> Task :expo:mergeReleaseGeneratedProguardFiles UP-TO-DATE
> Task :expo:mergeReleaseConsumerProguardFiles
> Task :expo-constants:assembleRelease
> Task :expo-eas-client:assembleRelease
> Task :expo:bundleLibResRelease
> Task :expo:mergeReleaseJavaResource
> Task :expo:bundleLibCompileToJarRelease
> Task :expo:bundleLibRuntimeToJarRelease
> Task :expo:syncReleaseLibJars
> Task :expo:bundleReleaseLocalLintAar
> Task :expo-file-system:verifyReleaseResources
> Task :app:compileReleaseJavaWithJavac
> Task :expo:createFullJarRelease
> Task :app:dexBuilderRelease
> Task :expo:bundleReleaseAar
> Task :expo:assembleRelease
> Task :expo-file-system:assembleRelease
> Task :expo-font:bundleReleaseAar
> Task :expo-font:mapReleaseSourceSetPaths
> Task :expo-font:mergeReleaseResources
> Task :expo-haptics:bundleReleaseAar
> Task :expo-haptics:mapReleaseSourceSetPaths
> Task :app:mergeReleaseJavaResource
